Component: ARM Compiler 5.06 update 6 (build 750) Tool: armlink [4d35ed]

==============================================================================

Section Cross References

    startup.o(RESET) refers to startup.o(.text) for Reset_Handler
    startup.o(RESET) refers to encoder.o(i.TIM1_UP_IRQHandler) for TIM1_UP_IRQHandler
    startup.o(RESET) refers to main.o(i.TIM2_IRQHandler) for TIM2_IRQHandler
    startup.o(RESET) refers to encoder.o(i.TIM3_IRQHandler) for TIM3_IRQHandler
    startup.o(RESET) refers to encoder.o(i.TIM4_IRQHandler) for TIM4_IRQHandler
    startup.o(.text) refers to main.o(i.main) for main
    gpio_1.o(i._ZN4GPIO11digitalReadEv) refers to gpio_1.o(i._ZN4GPIO11GetGPIOPortEv) for GPIO::GetGPIOPort()
    gpio_1.o(i._ZN4GPIO11digitalReadEv) refers to gpio_1.o(i._ZN4GPIO16GetGPIOPinNumberEv) for GPIO::GetGPIOPinNumber()
    gpio_1.o(i._ZN4GPIO12Config_PU_PDE10PU_PD_ENUM) refers to gpio_1.o(i._ZN4GPIO11GetGPIOPortEv) for GPIO::GetGPIOPort()
    gpio_1.o(i._ZN4GPIO12Config_PU_PDE10PU_PD_ENUM) refers to gpio_1.o(i._ZN4GPIO16GetGPIOPinNumberEv) for GPIO::GetGPIOPinNumber()
    gpio_1.o(i._ZN4GPIO12digitalWriteEb) refers to gpio_1.o(i._ZN4GPIO12GetGPIOStateEv) for GPIO::GetGPIOState()
    gpio_1.o(i._ZN4GPIO12digitalWriteEb) refers to gpio_1.o(i._ZN4GPIO11GetGPIOPortEv) for GPIO::GetGPIOPort()
    gpio_1.o(i._ZN4GPIO12digitalWriteEb) refers to gpio_1.o(i._ZN4GPIO16GetGPIOPinNumberEv) for GPIO::GetGPIOPinNumber()
    gpio_1.o(i._ZN4GPIO13ConfigGPIOPinEv) refers to gpio_1.o(i._ZN4GPIO11GetGPIOPortEv) for GPIO::GetGPIOPort()
    gpio_1.o(i._ZN4GPIO13ConfigGPIOPinEv) refers to gpio_1.o(i._ZN4GPIO16GetGPIOPinNumberEv) for GPIO::GetGPIOPinNumber()
    gpio_1.o(i._ZN4GPIO13ConfigGPIOPinEv) refers to gpio_1.o(i._ZN4GPIO11GetGPIOModeEv) for GPIO::GetGPIOMode()
    gpio_1.o(i._ZN4GPIO14SetGPIOPortPinE12GPIO_IO_ENUM) refers to gpio_1.o(.constdata) for GPIO::GPIO_PORTS_PINS
    gpio_1.o(i._ZN4GPIO9tooglePinEv) refers to gpio_1.o(i._ZN4GPIO11GetGPIOPortEv) for GPIO::GetGPIOPort()
    gpio_1.o(i._ZN4GPIO9tooglePinEv) refers to gpio_1.o(i._ZN4GPIO16GetGPIOPinNumberEv) for GPIO::GetGPIOPinNumber()
    gpio_1.o(i._ZN4GPIOC1E12GPIO_IO_ENUM10GPIO_MODES) refers to gpio_1.o(i._ZN4GPIO8SetIOPinE12GPIO_IO_ENUM) for GPIO::SetIOPin(GPIO_IO_ENUM)
    gpio_1.o(i._ZN4GPIOC1E12GPIO_IO_ENUM10GPIO_MODES) refers to gpio_1.o(i._ZN4GPIO14SetGPIOPortPinE12GPIO_IO_ENUM) for GPIO::SetGPIOPortPin(GPIO_IO_ENUM)
    gpio_1.o(i._ZN4GPIOC1E12GPIO_IO_ENUM10GPIO_MODES) refers to gpio_1.o(i._ZN4GPIO11SetGPIOModeE10GPIO_MODES) for GPIO::SetGPIOMode(GPIO_MODES)
    gpio_1.o(i._ZN4GPIOC1E12GPIO_IO_ENUM10GPIO_MODES) refers to gpio_1.o(i._ZN4GPIO13ConfigGPIOPinEv) for GPIO::ConfigGPIOPin()
    gpio_1.o(i._ZN4GPIOC1E12GPIO_IO_ENUM10GPIO_MODES) refers to gpio_1.o(i._ZN4GPIO12Config_PU_PDE10PU_PD_ENUM) for GPIO::Config_PU_PD(PU_PD_ENUM)
    gpio_1.o(.ARM.exidx) refers to gpio_1.o(i._ZN4GPIO16GetGPIOPinNumberEv) for i._ZN4GPIO16GetGPIOPinNumberEv
    gpio_1.o(.ARM.exidx) refers to gpio_1.o(i._ZN4GPIO11GetGPIOPortEv) for i._ZN4GPIO11GetGPIOPortEv
    gpio_1.o(.ARM.exidx) refers to gpio_1.o(i._ZN4GPIO12Config_PU_PDE10PU_PD_ENUM) for i._ZN4GPIO12Config_PU_PDE10PU_PD_ENUM
    gpio_1.o(.ARM.exidx) refers to gpio_1.o(i._ZN4GPIO11GetGPIOModeEv) for i._ZN4GPIO11GetGPIOModeEv
    gpio_1.o(.ARM.exidx) refers to gpio_1.o(i._ZN4GPIO13ConfigGPIOPinEv) for i._ZN4GPIO13ConfigGPIOPinEv
    gpio_1.o(.ARM.exidx) refers to gpio_1.o(i._ZN4GPIO11SetGPIOModeE10GPIO_MODES) for i._ZN4GPIO11SetGPIOModeE10GPIO_MODES
    gpio_1.o(.ARM.exidx) refers to gpio_1.o(i._ZN4GPIO14SetGPIOPortPinE12GPIO_IO_ENUM) for i._ZN4GPIO14SetGPIOPortPinE12GPIO_IO_ENUM
    gpio_1.o(.ARM.exidx) refers to gpio_1.o(i._ZN4GPIO8SetIOPinE12GPIO_IO_ENUM) for i._ZN4GPIO8SetIOPinE12GPIO_IO_ENUM
    gpio_1.o(.ARM.exidx) refers to gpio_1.o(i._ZN4GPIOC1E12GPIO_IO_ENUM10GPIO_MODES) for i._ZN4GPIOC1E12GPIO_IO_ENUM10GPIO_MODES
    gpio_1.o(.ARM.exidx) refers to gpio_1.o(i._ZN4GPIO11GetGPIOPuPdEv) for i._ZN4GPIO11GetGPIOPuPdEv
    gpio_1.o(.ARM.exidx) refers to gpio_1.o(i._ZN4GPIO8GetIOPinEv) for i._ZN4GPIO8GetIOPinEv
    gpio_1.o(.ARM.exidx) refers to gpio_1.o(i._ZN4GPIO12GetGPIOStateEv) for i._ZN4GPIO12GetGPIOStateEv
    gpio_1.o(.ARM.exidx) refers to gpio_1.o(i._ZN4GPIO12digitalWriteEb) for i._ZN4GPIO12digitalWriteEb
    gpio_1.o(.ARM.exidx) refers to gpio_1.o(i._ZN4GPIO9tooglePinEv) for i._ZN4GPIO9tooglePinEv
    gpio_1.o(.ARM.exidx) refers to gpio_1.o(i._ZN4GPIO11digitalReadEv) for i._ZN4GPIO11digitalReadEv
    sysclock.o(i._ZN8SysClock3MCOEv) refers to gpio_1.o(i._ZN4GPIOC1E12GPIO_IO_ENUM10GPIO_MODES) for GPIO::GPIO(GPIO_IO_ENUM, GPIO_MODES)
    sysclock.o(i._ZN8SysClockC1Ev) refers to sysclock.o(i._ZN8SysClock12SysClockInitEv) for SysClock::SysClockInit()
    sysclock.o(i._ZN8SysClockC1Ev) refers to sysclock.o(i._ZN8SysClock11SysTickInitE19SysTickBaseTimeEnum) for SysClock::SysTickInit(SysTickBaseTimeEnum)
[...]
    __rtentry4.o(.ARM.Collect$$rtentry$$00000004) refers to sys_stackheap_outer.o(.text) for __user_setup_stackheap
    __rtentry4.o(.ARM.exidx) refers to __rtentry4.o(.ARM.Collect$$rtentry$$00000004) for .ARM.Collect$$rtentry$$00000004
    unwind_prcommon.o(.text) refers to unwinder.o(.text) for _Unwind_VRS_Get
    unwind_prcommon.o(.text) refers to unwind_activity.o(.emb_text) for _Unwind_Activity
    unwind_prcommon.o(.ARM.exidx) refers to unwind_prcommon.o(.text) for .text
    sys_stackheap_outer.o(.text) refers to libspace.o(.text) for __user_perproc_libspace
    sys_stackheap_outer.o(.text) refers to sys_stackheap.o(.text) for __user_initial_stackheap
    exit.o(.text) refers to rtexit.o(.ARM.Collect$$rtexit$$00000000) for __rt_exit
    libinit.o(.ARM.Collect$$libinit$$00000000) refers (Special) to libinit2.o(.ARM.Collect$$libinit$$0000002E) for __rt_lib_init_alloca_1
    libinit.o(.ARM.Collect$$libinit$$00000000) refers (Special) to libinit2.o(.ARM.Collect$$libinit$$0000002C) for __rt_lib_init_argv_1
    libinit.o(.ARM.Collect$$libinit$$00000000) refers (Special) to libinit2.o(.ARM.Collect$$libinit$$0000001B) for __rt_lib_init_atexit_1
    libinit.o(.ARM.Collect$$libinit$$00000000) refers (Special) to libinit2.o(.ARM.Collect$$libinit$$00000021) for __rt_lib_init_clock_1
    libinit.o(.ARM.Collect$$libinit$$00000000) refers (Special) to libinit2.o(.ARM.Collect$$libinit$$00000032) for __rt_lib_init_cpp_1
    libinit.o(.ARM.Collect$$libinit$$00000000) refers (Special) to libinit2.o(.ARM.Collect$$libinit$$00000030) for __rt_lib_init_exceptions_1
    libinit.o(.ARM.Collect$$libinit$$00000000) refers (Special) to libinit2.o(.ARM.Collect$$libinit$$00000002) for __rt_lib_init_fp_1
    libinit.o(.ARM.Collect$$libinit$$00000000) refers (Special) to libinit2.o(.ARM.Collect$$libinit$$0000001F) for __rt_lib_init_fp_trap_1
    libinit.o(.ARM.Collect$$libinit$$00000000) refers (Special) to libinit2.o(.ARM.Collect$$libinit$$00000023) for __rt_lib_init_getenv_1
    libinit.o(.ARM.Collect$$libinit$$00000000) refers (Special) to libinit2.o(.ARM.Collect$$libinit$$0000000A) for __rt_lib_init_heap_1
    libinit.o(.ARM.Collect$$libinit$$00000000) refers (Special) to libinit2.o(.ARM.Collect$$libinit$$00000011) for __rt_lib_init_lc_collate_1
    libinit.o(.ARM.Collect$$libinit$$00000000) refers (Special) to libinit2.o(.ARM.Collect$$libinit$$00000013) for __rt_lib_init_lc_ctype_1
    libinit.o(.ARM.Collect$$libinit$$00000000) refers (Special) to libinit2.o(.ARM.Collect$$libinit$$00000015) for __rt_lib_init_lc_monetary_1
    libinit.o(.ARM.Collect$$libinit$$00000000) refers (Special) to libinit2.o(.ARM.Collect$$libinit$$00000017) for __rt_lib_init_lc_numeric_1
    libinit.o(.ARM.Collect$$libinit$$00000000) refers (Special) to libinit2.o(.ARM.Collect$$libinit$$00000019) for __rt_lib_init_lc_time_1
    libinit.o(.ARM.Collect$$libinit$$00000000) refers (Special) to libinit2.o(.ARM.Collect$$libinit$$00000004) for __rt_lib_init_preinit_1
    libinit.o(.ARM.Collect$$libinit$$00000000) refers (Special) to libinit2.o(.ARM.Collect$$libinit$$0000000E) for __rt_lib_init_rand_1
    libinit.o(.ARM.Collect$$libinit$$00000000) refers (Special) to libinit2.o(.ARM.Collect$$libinit$$00000033) for __rt_lib_init_return
    libinit.o(.ARM.Collect$$libinit$$00000000) refers (Special) to libinit2.o(.ARM.Collect$$libinit$$0000001D) for __rt_lib_init_signal_1
    libinit.o(.ARM.Collect$$libinit$$00000000) refers (Special) to libinit2.o(.ARM.Collect$$libinit$$00000025) for __rt_lib_init_stdio_1
    libinit.o(.ARM.Collect$$libinit$$00000000) refers (Special) to libinit2.o(.ARM.Collect$$libinit$$0000000C) for __rt_lib_init_user_alloc_1
    unwinder.o(.emb_text) refers to unwinder.o(.text) for __ARM_Unwind_RaiseException
    unwinder.o(.text) refers to bsearchnoex.o(.text) for bsearch
    unwinder.o(.text) refers to unwind_activity.o(.emb_text) for _Unwind_Activity
    unwinder.o(.text) refers to abort.o(.text) for abort
    unwinder.o(.text) refers to unwinder.o(.emb_text) for __ARM_Unwind_VRS_corerestore
    unwinder.o(.text) refers to h1_alloc.o(.text) for malloc
    unwinder.o(.text) refers to rt_memcpy_w.o(.text) for __aeabi_memcpy4
    unwinder.o(.text) refers to h1_free.o(.text) for free
    unwinder.o(.text) refers (Weak) to unwind_pr0.o(.text) for __aeabi_unwind_cpp_pr0
    unwinder.o(.ARM.exidx) refers to unwinder.o(.text) for .text
    libspace.o(.text) refers to libspace.o(.bss) for __libspace_start
    sys_stackheap.o(.text) refers (Special) to indicate_semi.o(.text) for __semihosting_library_function
    sys_stackheap.o(.text) refers to use_no_semi.o(.text) for __I$use$semihosting
    rtexit.o(.ARM.Collect$$rtexit$$00000000) refers (Special) to rtexit2.o(.ARM.Collect$$rtexit$$00000004) for __rt_exit_exit
    rtexit.o(.ARM.Collect$$rtexit$$00000000) refers (Special) to rtexit2.o(.ARM.Collect$$rtexit$$00000003) for __rt_exit_ls
    rtexit.o(.ARM.Collect$$rtexit$$00000000) refers (Special) to rtexit2.o(.ARM.Collect$$rtexit$$00000002) for __rt_exit_prels_1
    rtexit.o(.ARM.exidx) refers (Special) to rtexit2.o(.ARM.Collect$$rtexit$$00000004) for __rt_exit_exit
    rtexit.o(.ARM.exidx) refers (Special) to rtexit2.o(.ARM.Collect$$rtexit$$00000003) for __rt_exit_ls
    rtexit.o(.ARM.exidx) refers (Special) to rtexit2.o(.ARM.Collect$$rtexit$$00000002) for __rt_exit_prels_1
    rtexit.o(.ARM.exidx) refers to rtexit.o(.ARM.Collect$$rtexit$$00000000) for .ARM.Collect$$rtexit$$00000000
    malloc.o(.text) refers (Special) to hguard.o(.text) for __heap$guard
    malloc.o(.text) refers (Special) to init_alloc.o(.text) for _init_alloc
    malloc.o(.text) refers to rt_heap_descriptor_intlibspace.o(.text) for __rt_heap_descriptor
    malloc.o(.text) refers to heapstubs.o(.text) for __Heap_Alloc
    free.o(.text) refers (Special) to hguard.o(.text) for __heap$guard
    free.o(.text) refers to rt_heap_descriptor_intlibspace.o(.text) for __rt_heap_descriptor
    free.o(.text) refers to heapstubs.o(.text) for __Heap_Free
    h1_alloc.o(.text) refers (Special) to h1_init.o(.text) for __Heap_Initialize
    h1_alloc.o(.text) refers to rt_heap_descriptor_intlibspace.o(.text) for __rt_heap_descriptor
    h1_alloc.o(.text) refers to init_alloc.o(.text) for __Heap_Full
    h1_free.o(.text) refers to rt_heap_descriptor_intlibspace.o(.text) for __rt_heap_descriptor
    h1_alloc_mt.o(.text) refers (Special) to h1_init.o(.text) for __Heap_Initialize
    h1_alloc_mt.o(.text) refers to init_alloc.o(.text) for __Heap_Full
    h1_alloc_mt.o(.text) refers to rt_heap_descriptor_intlibspace.o(.text) for __rt_heap_descriptor
    h1_free_mt.o(.text) refers to rt_heap_descriptor_intlibspace.o(.text) for __rt_heap_descriptor
    heap2.o(i._FDIterate) refers to heap2.o(.conststring) for .conststring
    heap2.o(i.___Heap_ProvideMemory$realtime) refers to fdtree.o(i._FDTree_Delete) for _FDTree_Delete
    heap2.o(i.___Heap_ProvideMemory$realtime) refers to fdtree.o(i._FDTree_Insert) for _FDTree_Insert
    heap2.o(i.___Heap_Stats$realtime) refers to heap2.o(i._Heap2_StatsIterate) for _Heap2_StatsIterate
    heap2.o(i.___Heap_Valid$realtime) refers to heap2.o(i._FDIterate) for _FDIterate
    heap2.o(i.___Heap_Valid$realtime) refers to heap2.o(.conststring) for .conststring
    heap2.o(i._free$realtime) refers to rt_heap_descriptor_intlibspace.o(.text) for __rt_heap_descriptor
    heap2.o(i._free$realtime) refers to fdtree.o(i._FDTree_Delete) for _FDTree_Delete
    heap2.o(i._free$realtime) refers to fdtree.o(i._FDTree_Insert) for _FDTree_Insert
    heap2.o(i._malloc$realtime) refers to rt_heap_descriptor_intlibspace.o(.text) for __rt_heap_descriptor
    heap2.o(i._malloc$realtime) refers to fdtree.o(i._FDTree_FindFirst) for _FDTree_FindFirst
    heap2.o(i._malloc$realtime) refers to init_alloc.o(.text) for __Heap_Full
    heap2.o(i._malloc$realtime) refers to fdtree.o(i._FDTree_RemoveNode) for _FDTree_RemoveNode
    heap2.o(i._malloc$realtime) refers to fdtree.o(i._FDTree_Insert) for _FDTree_Insert
    heap2.o(i._posix_memalign$realtime) refers to rt_heap_descriptor_intlibspace.o(.text) for __rt_heap_descriptor
    heap2.o(i._posix_memalign$realtime) refers to fdtree.o(i._FDTree_FindFirst) for _FDTree_FindFirst
    heap2.o(i._posix_memalign$realtime) refers to init_alloc.o(.text) for __Heap_Full
    heap2.o(i._posix_memalign$realtime) refers to fdtree.o(i._FDTree_RemoveNode) for _FDTree_RemoveNode
    heap2.o(i._posix_memalign$realtime) refers to fdtree.o(i._FDTree_Insert) for _FDTree_Insert
    heap2.o(i._realloc$realtime) refers to rt_heap_descriptor_intlibspace.o(.text) for __rt_heap_descriptor
    heap2.o(i._realloc$realtime) refers to fdtree.o(i._FDTree_Insert) for _FDTree_Insert
    heap2.o(i._realloc$realtime) refers to h1_free.o(.text) for free
    heap2.o(i._realloc$realtime) refers to h1_alloc.o(.text) for malloc
    heap2.o(i._realloc$realtime) refers to fdtree.o(i._FDTree_Delete) for _FDTree_Delete
    heap2.o(i._realloc$realtime) refers to rt_memcpy_w.o(.text) for __aeabi_memcpy4
    heap2mt.o(i._FDIterate) refers to heap2mt.o(.conststring) for .conststring
    heap2mt.o(i.___Heap_Initialize$realtime$concurrent) refers to mutex_dummy.o(.text) for _mutex_initialize
    heap2mt.o(i.___Heap_ProvideMemory$realtime$concurrent) refers to fdtree.o(i._FDTree_Delete) for _FDTree_Delete
    heap2mt.o(i.___Heap_ProvideMemory$realtime$concurrent) refers to fdtree.o(i._FDTree_Insert) for _FDTree_Insert
    heap2mt.o(i.___Heap_Stats$realtime$concurrent) refers to heap2mt.o(i._Heap2_StatsIterate) for _Heap2_StatsIterate
    heap2mt.o(i.___Heap_Valid$realtime$concurrent) refers to heap2mt.o(i._FDIterate) for _FDIterate
    heap2mt.o(i.___Heap_Valid$realtime$concurrent) refers to heap2mt.o(.conststring) for .conststring
    heap2mt.o(i._free$realtime$concurrent) refers to rt_heap_descriptor_intlibspace.o(.text) for __rt_heap_descriptor
    heap2mt.o(i._free$realtime$concurrent) refers to fdtree.o(i._FDTree_Delete) for _FDTree_Delete
    heap2mt.o(i._free$realtime$concurrent) refers to fdtree.o(i._FDTree_Insert) for _FDTree_Insert
    heap2mt.o(i._malloc$realtime$concurrent) refers to rt_heap_descriptor_intlibspace.o(.text) for __rt_heap_descriptor
    heap2mt.o(i._malloc$realtime$concurrent) refers to fdtree.o(i._FDTree_FindFirst) for _FDTree_FindFirst
    heap2mt.o(i._malloc$realtime$concurrent) refers to init_alloc.o(.text) for __Heap_Full
    heap2mt.o(i._malloc$realtime$concurrent) refers to fdtree.o(i._FDTree_RemoveNode) for _FDTree_RemoveNode
    heap2mt.o(i._malloc$realtime$concurrent) refers to fdtree.o(i._FDTree_Insert) for _FDTree_Insert
    heap2mt.o(i._posix_memalign$realtime$concurrent) refers to rt_heap_descriptor_intlibspace.o(.text) for __rt_heap_descriptor
    heap2mt.o(i._posix_memalign$realtime$concurrent) refers to fdtree.o(i._FDTree_FindFirst) for _FDTree_FindFirst
    heap2mt.o(i._posix_memalign$realtime$concurrent) refers to init_alloc.o(.text) for __Heap_Full
    heap2mt.o(i._posix_memalign$realtime$concurrent) refers to fdtree.o(i._FDTree_RemoveNode) for _FDTree_RemoveNode
    heap2mt.o(i._posix_memalign$realtime$concurrent) refers to fdtree.o(i._FDTree_Insert) for _FDTree_Insert
    heap2mt.o(i._realloc$realtime$concurrent) refers to rt_heap_descriptor_intlibspace.o(.text) for __rt_heap_descriptor
    heap2mt.o(i._realloc$realtime$concurrent) refers to fdtree.o(i._FDTree_Insert) for _FDTree_Insert
    heap2mt.o(i._realloc$realtime$concurrent) refers to h1_free.o(.text) for free
    heap2mt.o(i._realloc$realtime$concurrent) refers to h1_alloc.o(.text) for malloc
    heap2mt.o(i._realloc$realtime$concurrent) refers to fdtree.o(i._FDTree_Delete) for _FDTree_Delete
    heap2mt.o(i._realloc$realtime$concurrent) refers to rt_memcpy_w.o(.text) for __aeabi_memcpy4
    abort.o(.text) refers to defsig_abrt_outer.o(.text) for __rt_SIGABRT
    abort.o(.text) refers (Weak) to libshutdown.o(.ARM.Collect$$libshutdown$$00000000) for __rt_lib_shutdown
    abort.o(.text) refers to sys_exit.o(.text) for _sys_exit
    libinit2.o(.ARM.Collect$$libinit$$00000005) refers (Weak) to init_alloc.o(.text) for _init_alloc
    libinit2.o(.ARM.Collect$$libinit$$00000010) refers to libinit2.o(.ARM.Collect$$libinit$$0000000F) for .ARM.Collect$$libinit$$0000000F
    libinit2.o(.ARM.Collect$$libinit$$00000012) refers to libinit2.o(.ARM.Collect$$libinit$$0000000F) for .ARM.Collect$$libinit$$0000000F
    libinit2.o(.ARM.Collect$$libinit$$00000014) refers to libinit2.o(.ARM.Collect$$libinit$$0000000F) for .ARM.Collect$$libinit$$0000000F
    libinit2.o(.ARM.Collect$$libinit$$00000016) refers to libinit2.o(.ARM.Collect$$libinit$$0000000F) for .ARM.Collect$$libinit$$0000000F
    libinit2.o(.ARM.Collect$$libinit$$00000018) refers to libinit2.o(.ARM.Collect$$libinit$$0000000F) for .ARM.Collect$$libinit$$0000000F
    libinit2.o(.ARM.Collect$$libinit$$00000026) refers to argv_veneer.o(.emb_text) for __ARM_argv_veneer
    libinit2.o(.ARM.Collect$$libinit$$00000027) refers to argv_veneer.o(.emb_text) for __ARM_argv_veneer
    sys_exit.o(.text) refers (Special) to use_no_semi.o(.text) for __I$use$semihosting
    sys_exit.o(.text) refers (Special) to indicate_semi.o(.text) for __semihosting_library_function
    rtexit2.o(.ARM.Collect$$rtexit$$00000003) refers to libshutdown.o(.ARM.Collect$$libshutdown$$00000000) for __rt_lib_shutdown
    rtexit2.o(.ARM.Collect$$rtexit$$00000004) refers to sys_exit.o(.text) for _sys_exit
    rtexit2.o(.ARM.exidx) refers to rtexit2.o(.ARM.Collect$$rtexit$$00000001) for .ARM.Collect$$rtexit$$00000001
    rtexit2.o(.ARM.exidx) refers to rtexit2.o(.ARM.Collect$$rtexit$$00000003) for .ARM.Collect$$rtexit$$00000003
    rtexit2.o(.ARM.exidx) refers to rtexit2.o(.ARM.Collect$$rtexit$$00000004) for .ARM.Collect$$rtexit$$00000004
    rt_heap_descriptor.o(.text) refers to rt_heap_descriptor.o(.bss) for __rt_heap_descriptor_data
    rt_heap_descriptor_intlibspace.o(.text) refers to libspace.o(.bss) for __libspace_start
    init_alloc.o(.text) refers (Special) to hguard.o(.text) for __heap$guard
    init_alloc.o(.text) refers (Special) to libinit2.o(.ARM.Collect$$libinit$$00000005) for __rt_lib_init_heap_2
    init_alloc.o(.text) refers (Special) to maybetermalloc1.o(.emb_text) for _maybe_terminate_alloc
    init_alloc.o(.text) refers to heapauxa.o(.text) for __rt_heap_expand
    init_alloc.o(.text) refers to h1_extend.o(.text) for __Heap_ProvideMemory
    init_alloc.o(.text) refers to defsig_rtmem_outer.o(.text) for __rt_SIGRTMEM
    init_alloc.o(.text) refers to rt_heap_descriptor_intlibspace.o(.text) for __rt_heap_descriptor
    init_alloc.o(.text) refers to h1_init.o(.text) for __Heap_Initialize
    h1_init_mt.o(.text) refers to mutex_dummy.o(.text) for _mutex_initialize
    defsig_abrt_outer.o(.text) refers to defsig_abrt_inner.o(.text) for __rt_SIGABRT_inner
    defsig_abrt_outer.o(.text) refers to defsig_exit.o(.text) for __sig_exit
    defsig_abrt_formal.o(.text) refers to rt_raise.o(.text) for __rt_raise
    _get_argv.o(.text) refers (Special) to hrguard.o(.text) for __heap_region$guard
    _get_argv.o(.text) refers to h1_alloc.o(.text) for malloc
    _get_argv.o(.text) refers to defsig_rtmem_outer.o(.text) for __rt_SIGRTMEM
    _get_argv.o(.text) refers to sys_command.o(.text) for _sys_command_string
    argv_veneer.o(.emb_text) refers to no_argv.o(.text) for __ARM_get_argv
    sys_command.o(.text) refers (Special) to use_no_semi.o(.text) for __I$use$semihosting
    sys_command.o(.text) refers (Special) to indicate_semi.o(.text) for __semihosting_library_function
    rt_raise.o(.text) refers to __raise.o(.text) for __raise
    rt_raise.o(.text) refers to sys_exit.o(.text) for _sys_exit
    maybetermalloc2.o(.emb_text) refers (Special) to term_alloc.o(.text) for _terminate_alloc
    h1_extend.o(.text) refers to h1_free.o(.text) for free
    h1_extend_mt.o(.text) refers to h1_free_mt.o(.text) for _free_internal
    defsig_exit.o(.text) refers to sys_exit.o(.text) for _sys_exit
    defsig_abrt_inner.o(.text) refers to defsig_general.o(.text) for __default_signal_display
    defsig_rtmem_outer.o(.text) refers to defsig_rtmem_inner.o(.text) for __rt_SIGRTMEM_inner
    defsig_rtmem_outer.o(.text) refers to defsig_exit.o(.text) for __sig_exit
    defsig_rtmem_formal.o(.text) refers to rt_raise.o(.text) for __rt_raise
    heapauxa.o(.text) refers to heapauxa.o(.data) for .data
    _get_argv_nomalloc.o(.text) refers (Special) to hrguard.o(.text) for __heap_region$guard
    _get_argv_nomalloc.o(.text) refers to defsig_rtmem_outer.o(.text) for __rt_SIGRTMEM
    _get_argv_nomalloc.o(.text) refers to sys_command.o(.text) for _sys_command_string
    libshutdown.o(.ARM.Collect$$libshutdown$$00000000) refers (Special) to libshutdown2.o(.ARM.Collect$$libshutdown$$00000002) for __rt_lib_shutdown_cpp_1
    libshutdown.o(.ARM.Collect$$libshutdown$$00000000) refers (Special) to libshutdown2.o(.ARM.Collect$$libshutdown$$00000007) for __rt_lib_shutdown_fp_trap_1
    libshutdown.o(.ARM.Collect$$libshutdown$$00000000) refers (Special) to libshutdown2.o(.ARM.Collect$$libshutdown$$0000000F) for __rt_lib_shutdown_heap_1
    libshutdown.o(.ARM.Collect$$libshutdown$$00000000) refers (Special) to libshutdown2.o(.ARM.Collect$$libshutdown$$00000010) for __rt_lib_shutdown_return
    libshutdown.o(.ARM.Collect$$libshutdown$$00000000) refers (Special) to libshutdown2.o(.ARM.Collect$$libshutdown$$0000000A) for __rt_lib_shutdown_signal_1
    libshutdown.o(.ARM.Collect$$libshutdown$$00000000) refers (Special) to libshutdown2.o(.ARM.Collect$$libshutdown$$00000004) for __rt_lib_shutdown_stdio_1
    libshutdown.o(.ARM.Collect$$libshutdown$$00000000) refers (Special) to libshutdown2.o(.ARM.Collect$$libshutdown$$0000000C) for __rt_lib_shutdown_user_alloc_1
    term_alloc.o(.text) refers (Special) to libshutdown2.o(.ARM.Collect$$libshutdown$$0000000E) for __rt_lib_shutdown_heap_2
    term_alloc.o(.text) refers to rt_heap_descriptor_intlibspace.o(.text) for __rt_heap_descriptor
    term_alloc.o(.text) refers to h1_final.o(.text) for __Heap_Finalize
    __raise.o(.text) refers to defsig.o(CL$$defsig) for __default_signal_handler
    defsig_general.o(.text) refers to sys_wrch.o(.text) for _ttywrch
    defsig_rtmem_inner.o(.text) refers to defsig_general.o(.text) for __default_signal_display
    libshutdown2.o(.ARM.Collect$$libshutdown$$0000000D) refers (Weak) to term_alloc.o(.text) for _terminate_alloc
    sys_wrch.o(.text) refers (Special) to use_no_semi.o(.text) for __I$use$semihosting
    sys_wrch.o(.text) refers (Special) to indicate_semi.o(.text) for __semihosting_library_function
    defsig.o(CL$$defsig) refers to defsig_abrt_inner.o(.text) for __rt_SIGABRT_inner
    defsig.o(CL$$defsig) refers to defsig_rtmem_inner.o(.text) for __rt_SIGRTMEM_inner
    defsig_fpe_inner.o(.text) refers to defsig_general.o(.text) for __default_signal_display
    defsig_rtred_inner.o(.text) refers to defsig_general.o(.text) for __default_signal_display
    defsig_stak_inner.o(.text) refers to defsig_general.o(.text) for __default_signal_display
    defsig_pvfn_inner.o(.text) refers to defsig_general.o(.text) for __default_signal_display
    defsig_cppl_inner.o(.text) refers to defsig_general.o(.text) for __default_signal_display
    defsig_segv_inner.o(.text) refers to defsig_general.o(.text) for __default_signal_display
    defsig_other.o(.text) refers to defsig_general.o(.text) for __default_signal_display


==============================================================================

Removing Unused input sections from the image.

    Removing gpio_1.o(i._ZN4GPIO11GetGPIOPuPdEv), (6 bytes).
    Removing gpio_1.o(i._ZN4GPIO11digitalReadEv), (34 bytes).
    Removing gpio_1.o(i._ZN4GPIO8GetIOPinEv), (6 bytes).
    Removing gpio_1.o(.ARM.exidx), (8 bytes).
    Removing gpio_1.o(.ARM.exidx), (8 bytes).
    Removing gpio_1.o(.ARM.exidx), (8 bytes).
    Removing gpio_1.o(.ARM.exidx), (8 bytes).
    Removing gpio_1.o(.ARM.exidx), (8 bytes).
    Removing gpio_1.o(.ARM.exidx), (8 bytes).
    Removing gpio_1.o(.ARM.exidx), (8 bytes).
    Removing gpio_1.o(.ARM.exidx), (8 bytes).
    Removing gpio_1.o(.ARM.exidx), (8 bytes).
    Removing gpio_1.o(.ARM.exidx), (8 bytes).
    Removing gpio_1.o(.ARM.exidx), (8 bytes).
    Removing gpio_1.o(.ARM.exidx), (8 bytes).
    Removing gpio_1.o(.ARM.exidx), (8 bytes).
    Removing gpio_1.o(.ARM.exidx), (8 bytes).
    Removing gpio_1.o(.ARM.exidx), (8 bytes).
    Removing gpio_1.o(.bss), (32 bytes).
    Removing sysclock.o(i._ZN8SysClock3MCOEv), (32 bytes).
    Removing sysclock.o(.ARM.exidx), (8 bytes).
    Removing sysclock.o(.ARM.exidx), (8 bytes).
    Removing sysclock.o(.ARM.exidx), (8 bytes).
    Removing sysclock.o(.ARM.exidx), (8 bytes).
    Removing sysclock.o(.ARM.exidx), (8 bytes).
    Removing timer.o(i._ZN5Timer12InterrupTimeEt), (16 bytes).
    Removing timer.o(i._ZN5Timer18ClearInterruptFlagEv), (24 bytes).
    Removing timer.o(.ARM.exidx), (8 bytes).
    Removing timer.o(.ARM.exidx), (8 bytes).
    Removing timer.o(.ARM.exidx), (8 bytes).
    Removing timer.o(.ARM.exidx), (8 bytes).
    Removing timer.o(.ARM.exidx), (8 bytes).
    Removing timer.o(.ARM.exidx), (8 bytes).
    Removing timer.o(.ARM.exidx), (8 bytes).
    Removing timer.o(.ARM.exidx), (8 bytes).
    Removing timer.o(.ARM.exidx), (8 bytes).
    Removing timer.o(.ARM.exidx), (8 bytes).
    Removing timer.o(.ARM.exidx), (8 bytes).
    Removing timer.o(.ARM.exidx), (8 bytes).
    Removing timer.o(.ARM.exidx), (8 bytes).
    Removing timer.o(.ARM.exidx), (8 bytes).
    Removing timer.o(.ARM.exidx), (8 bytes).
    Removing timer.o(.ARM.exidx), (8 bytes).
    Removing pwm.o(.ARM.exidx), (8 bytes).
    Removing pwm.o(.ARM.exidx), (8 bytes).
    Removing pwm.o(.ARM.exidx), (8 bytes).
    Removing pwm.o(.ARM.exidx), (8 bytes).
    Removing adc.o(i._ZN3ADC10analogReadEv), (96 bytes).
    Removing adc.o(i._ZN3ADCC1E12ADC_CHANNELS), (30 bytes).
    Removing adc.o(.ARM.exidx), (8 bytes).
    Removing adc.o(.ARM.exidx), (8 bytes).
    Removing adc.o(.ARM.exidx), (8 bytes).
    Removing adc.o(.ARM.exidx), (8 bytes).
    Removing adc.o(.ARM.exidx), (8 bytes).
    Removing adc.o(.ARM.exidx), (8 bytes).
    Removing adc.o(.data), (1 bytes).
    Removing encoder.o(i._ZN7Encoder11GetEncSpeedEv), (96 bytes).
    Removing encoder.o(i._ZN7Encoder11GetEncTicksEv), (104 bytes).
    Removing encoder.o(.ARM.exidx), (8 bytes).
    Removing encoder.o(.ARM.exidx), (8 bytes).
    Removing encoder.o(.ARM.exidx), (8 bytes).
    Removing encoder.o(.ARM.exidx), (8 bytes).
    Removing encoder.o(.ARM.exidx), (8 bytes).
    Removing encoder.o(.ARM.exidx), (8 bytes).
    Removing encoder.o(.ARM.exidx), (8 bytes).
    Removing encoder.o(.ARM.exidx), (8 bytes).
    Removing encoder.o(.ARM.exidx), (8 bytes).
    Removing encoder.o(.ARM.exidx), (8 bytes).
    Removing usart.o(i._ZN5USART7ReceiveEv), (24 bytes).
    Removing usart.o(.ARM.exidx), (8 bytes).
    Removing usart.o(.ARM.exidx), (8 bytes).
    Removing usart.o(.ARM.exidx), (8 bytes).
    Removing usart.o(.ARM.exidx), (8 bytes).
    Removing usart.o(.ARM.exidx), (8 bytes).
    Removing main.o(.ARM.exidx), (8 bytes).
    Removing main.o(.ARM.exidx), (8 bytes).
    Removing line_follower.o(i._Z15Blink_LED_DelayP8SysClockP4GPIOP5Timeri), (54 bytes).
    Removing line_follower.o(i._Z15seta_velocidadeP3PWMS0_P4GPIOS2_S2_S2_), (292 bytes).
    Removing line_follower.o(i._Z16calibra_sensoresP11Line_Sensorj), (24 bytes).
    Removing line_follower.o(i._Z16leitura_sensoresP11Line_Sensor), (32 bytes).
    Removing line_follower.o(i._Z17calculo_erros_PIDv), (96 bytes).
    Removing line_follower.o(i._Z5main1v), (356 bytes).
    Removing line_follower.o(i._Z6ParadaP3PWMS0_P5Timer), (48 bytes).
    Removing line_follower.o(.ARM.exidx), (8 bytes).
    Removing line_follower.o(.ARM.exidx), (8 bytes).
    Removing line_follower.o(.ARM.exidx), (8 bytes).
    Removing line_follower.o(.ARM.exidx), (8 bytes).
    Removing line_follower.o(.ARM.exidx), (8 bytes).
    Removing line_follower.o(.ARM.exidx), (8 bytes).
    Removing line_follower.o(.ARM.exidx), (8 bytes).
    Removing line_follower.o(.data), (52 bytes).
    Removing reflectance_sensor.o(i._ZN18Reflectance_Sensor16Reflectance_ReadEv), (72 bytes).
    Removing reflectance_sensor.o(i._ZN18Reflectance_Sensor24Calib_Reflectance_SensorEv), (38 bytes).
    Removing reflectance_sensor.o(i._ZN18Reflectance_SensorC1E12ADC_CHANNELS), (28 bytes).
    Removing reflectance_sensor.o(.ARM.exidx), (8 bytes).
    Removing reflectance_sensor.o(.ARM.exidx), (8 bytes).
    Removing reflectance_sensor.o(.ARM.exidx), (8 bytes).
    Removing reflectance_sensor.o(.ARM.exidx), (8 bytes).
    Removing line_sensor.o(i._ZN11Line_Sensor11Read_SensorEv), (160 bytes).
    Removing line_sensor.o(i._ZN11Line_Sensor16Calibrate_SensorEv), (32 bytes).
    Removing line_sensor.o(.ARM.exidx), (8 bytes).
    Removing line_sensor.o(.ARM.exidx), (8 bytes).
    Removing line_sensor.o(.ARM.exidx), (8 bytes).
    Removing motor.o(i._ZN5Motor7HandlerEv), (204 bytes).
    Removing motor.o(i._ZN5Motor9Get_SpeedEv), (20 bytes).
    Removing motor.o(i._ZN5Motor9Set_SpeedEs), (84 bytes).
    Removing motor.o(i._ZN5MotorC1EP11TIM_TypeDef12TIM_CHANNELS9TIM_REMAPS1_12GPIO_IO_ENUMS4_), (304 bytes).
    Removing motor.o(.ARM.exidx), (8 bytes).
    Removing motor.o(.ARM.exidx), (8 bytes).
    Removing motor.o(.ARM.exidx), (8 bytes).
    Removing motor.o(.ARM.exidx), (8 bytes).
    Removing motor.o(.data), (2 bytes).

112 unused section(s) (total 3047 bytes) removed from the image.

==============================================================================

Image Symbol Table

    Local Symbols

    Symbol Name                              Value     Ov Type        Size  Object(Section)

    ../../../clib/unwind_pr.c                0x00000000   Number         0  unwind_pr0.o ABSOLUTE
    ../../../clib/unwind_pr.c                0x00000000   Number         0  unwind_prcommon.o ABSOLUTE
    ../../../clib/unwinder.c                 0x00000000   Number         0  unwinder.o ABSOLUTE
    ../../../clib/unwinder.c                 0x00000000   Number         0  unwind_activity.o ABSOLUTE
    ../../../clib/unwinder.c                 0x00000000   Number         0  unwinder.o ABSOLUTE
    ../../../clib/unwinder.c                 0x00000000   Number         0  unwind_activity.o ABSOLUTE
    ../../array_helpers.cpp                  0x00000000   Number         0  aeabi_vec_ctor_nocookie_nodtor.o ABSOLUTE
    ../clib/angel/boardlib.s                 0x00000000   Number         0  boardshut.o ABSOLUTE
    ../clib/angel/boardlib.s                 0x00000000   Number         0  boardinit3.o ABSOLUTE
    ../clib/angel/boardlib.s                 0x00000000   Number         0  boardinit2.o ABSOLUTE
    ../clib/angel/boardlib.s                 0x00000000   Number         0  boardinit1.o ABSOLUTE
    ../clib/angel/handlers.s                 0x00000000   Number         0  __scatter_zi.o ABSOLUTE
    ../clib/angel/handlers.s                 0x00000000   Number         0  __scatter_copy.o ABSOLUTE
    ../clib/angel/kernel.s                   0x00000000   Number         0  __rtentry2.o ABSOLUTE
    ../clib/angel/kernel.s                   0x00000000   Number         0  __rtentry.o ABSOLUTE
    ../clib/angel/kernel.s                   0x00000000   Number         0  rtexit2.o ABSOLUTE
    ../clib/angel/kernel.s                   0x00000000   Number         0  rtexit.o ABSOLUTE
    ../clib/angel/kernel.s                   0x00000000   Number         0  __rtentry4.o ABSOLUTE
    ../clib/angel/rt.s                       0x00000000   Number         0  rt_heap_descriptor.o ABSOLUTE
    ../clib/angel/rt.s                       0x00000000   Number         0  rt_heap_descriptor_intlibspace.o ABSOLUTE
    ../clib/angel/rt.s                       0x00000000   Number         0  rt_raise.o ABSOLUTE
    ../clib/angel/scatter.s                  0x00000000   Number         0  __scatter.o ABSOLUTE
    ../clib/angel/startup.s                  0x00000000   Number         0  __main.o ABSOLUTE
    ../clib/angel/sys.s                      0x00000000   Number         0  use_no_semi.o ABSOLUTE
    ../clib/angel/sys.s                      0x00000000   Number         0  mutex_dummy.o ABSOLUTE
    ../clib/angel/sys.s                      0x00000000   Number         0  indicate_semi.o ABSOLUTE
    ../clib/angel/sys.s                      0x00000000   Number         0  libspace.o ABSOLUTE
    ../clib/angel/sys.s                      0x00000000   Number         0  sys_stackheap.o ABSOLUTE
    ../clib/angel/sys.s                      0x00000000   Number         0  sys_stackheap_outer.o ABSOLUTE
    ../clib/angel/sysapp.c                   0x00000000   Number         0  sys_wrch.o ABSOLUTE
    ../clib/angel/sysapp.c                   0x00000000   Number         0  sys_exit.o ABSOLUTE
    ../clib/angel/sysapp.c                   0x00000000   Number         0  sys_command.o ABSOLUTE
    ../clib/armsys.c                         0x00000000   Number         0  argv_veneer.o ABSOLUTE
    ../clib/armsys.c                         0x00000000   Number         0  argv_veneer.o ABSOLUTE
    ../clib/armsys.c                         0x00000000   Number         0  _get_argv.o ABSOLUTE
    ../clib/armsys.c                         0x00000000   Number         0  _get_argv_nomalloc.o ABSOLUTE
    ../clib/armsys.c                         0x00000000   Number         0  no_argv.o ABSOLUTE
    ../clib/heap1.c                          0x00000000   Number         0  h1_alloc.o ABSOLUTE
    ../clib/heap1.c                          0x00000000   Number         0  h1_final_mt.o ABSOLUTE
    ../clib/heap1.c                          0x00000000   Number         0  h1_final.o ABSOLUTE
    ../clib/heap1.c                          0x00000000   Number         0  h1_init_mt.o ABSOLUTE
    ../clib/heap1.c                          0x00000000   Number         0  h1_init.o ABSOLUTE
    ../clib/heap1.c                          0x00000000   Number         0  h1_free.o ABSOLUTE
    ../clib/heap1.c                          0x00000000   Number         0  h1_alloc_mt.o ABSOLUTE
    ../clib/heap1.c                          0x00000000   Number         0  h1_free_mt.o ABSOLUTE
    ../clib/heap1.c                          0x00000000   Number         0  h1_extend_mt.o ABSOLUTE
    ../clib/heap1.c                          0x00000000   Number         0  h1_extend.o ABSOLUTE
    ../clib/heap2.c                          0x00000000   Number         0  fdtree.o ABSOLUTE
    ../clib/heap2.c                          0x00000000   Number         0  heap2.o ABSOLUTE
    ../clib/heap2.c                          0x00000000   Number         0  heap2mt.o ABSOLUTE
    ../clib/heapalloc.c                      0x00000000   Number         0  hrguard.o ABSOLUTE
    ../clib/heapalloc.c                      0x00000000   Number         0  term_alloc.o ABSOLUTE
    ../clib/heapalloc.c                      0x00000000   Number         0  maybetermalloc2.o ABSOLUTE
    ../clib/heapalloc.c                      0x00000000   Number         0  free.o ABSOLUTE
    ../clib/heapalloc.c                      0x00000000   Number         0  malloc.o ABSOLUTE
    ../clib/heapalloc.c                      0x00000000   Number         0  init_alloc.o ABSOLUTE
    ../clib/heapalloc.c                      0x00000000   Number         0  heapstubs.o ABSOLUTE
    ../clib/heapalloc.c                      0x00000000   Number         0  maybetermalloc1.o ABSOLUTE
    ../clib/heapalloc.c                      0x00000000   Number         0  maybetermalloc1.o ABSOLUTE
    ../clib/heapalloc.c                      0x00000000   Number         0  maybetermalloc2.o ABSOLUTE
    ../clib/heapalloc.c                      0x00000000   Number         0  hguard.o ABSOLUTE
    ../clib/heapaux.c                        0x00000000   Number         0  heapauxi.o ABSOLUTE
    ../clib/heapaux.c                        0x00000000   Number         0  heapauxa.o ABSOLUTE
    ../clib/libinit.s                        0x00000000   Number         0  libshutdown2.o ABSOLUTE
    ../clib/libinit.s                        0x00000000   Number         0  libshutdown.o ABSOLUTE
    ../clib/libinit.s                        0x00000000   Number         0  libinit2.o ABSOLUTE
    ../clib/libinit.s                        0x00000000   Number         0  libinit.o ABSOLUTE
    ../clib/memcpset.s                       0x00000000   Number         0  rt_memcpy_w.o ABSOLUTE
    ../clib/signal.c                         0x00000000   Number         0  defsig_rtmem_inner.o ABSOLUTE
    ../clib/signal.c                         0x00000000   Number         0  defsig_general.o ABSOLUTE
    ../clib/signal.c                         0x00000000   Number         0  __raise.o ABSOLUTE
    ../clib/signal.c                         0x00000000   Number         0  defsig_abrt_outer.o ABSOLUTE
    ../clib/signal.c                         0x00000000   Number         0  defsig_rtmem_formal.o ABSOLUTE
    ../clib/signal.c                         0x00000000   Number         0  defsig_exit.o ABSOLUTE
    ../clib/signal.c                         0x00000000   Number         0  defsig_abrt_inner.o ABSOLUTE
    ../clib/signal.c                         0x00000000   Number         0  defsig_fpe_inner.o ABSOLUTE
    ../clib/signal.c                         0x00000000   Number         0  defsig_rtred_inner.o ABSOLUTE
    ../clib/signal.c                         0x00000000   Number         0  defsig_stak_inner.o ABSOLUTE
    ../clib/signal.c                         0x00000000   Number         0  defsig_rtmem_outer.o ABSOLUTE
    ../clib/signal.c                         0x00000000   Number         0  defsig_cppl_inner.o ABSOLUTE
    ../clib/signal.c                         0x00000000   Number         0  defsig_segv_inner.o ABSOLUTE
    ../clib/signal.c                         0x00000000   Number         0  defsig_other.o ABSOLUTE
    ../clib/signal.c                         0x00000000   Number         0  defsig_abrt_formal.o ABSOLUTE
    ../clib/signal.c                         0x00000000   Number         0  defsig_pvfn_inner.o ABSOLUTE
    ../clib/signal.s                         0x00000000   Number         0  defsig.o ABSOLUTE
    ../clib/stdlib.c                         0x00000000   Number         0  bsearchnoex.o ABSOLUTE
    ../clib/stdlib.c                         0x00000000   Number         0  exit.o ABSOLUTE
    ../clib/stdlib.c                         0x00000000   Number         0  abort.o ABSOLUTE
    ../fplib/faddsub.s                       0x00000000   Number         0  faddsub_clz.o ABSOLUTE
    ../fplib/fcmpi.s                         0x00000000   Number         0  fcmpi.o ABSOLUTE
    ../fplib/fdiv.s                          0x00000000   Number         0  fdiv.o ABSOLUTE
    ../fplib/feqf.s                          0x00000000   Number         0  feqf.o ABSOLUTE
    ../fplib/ffix.s                          0x00000000   Number         0  ffix.o ABSOLUTE
    ../fplib/fflt.s                          0x00000000   Number         0  fflt_clz.o ABSOLUTE
    ../fplib/fleqf.s                         0x00000000   Number         0  fleqf.o ABSOLUTE
    ../fplib/fmul.s                          0x00000000   Number         0  fmul.o ABSOLUTE
    ../fplib/fnaninf.s                       0x00000000   Number         0  fnaninf.o ABSOLUTE
    ../fplib/fpinit.s                        0x00000000   Number         0  fpinit.o ABSOLUTE
    ../fplib/fretinf.s                       0x00000000   Number         0  fretinf.o ABSOLUTE
    ../fplib/frleqf.s                        0x00000000   Number         0  frleqf.o ABSOLUTE
    ../fplib/usenofp.s                       0x00000000   Number         0  usenofp.o ABSOLUTE
    ADC.cpp                                  0x00000000   Number         0  adc.o ABSOLUTE
    ENCODER.cpp                              0x00000000   Number         0  encoder.o ABSOLUTE
    GPIO.cpp                                 0x00000000   Number         0  gpio_1.o ABSOLUTE
    LINE_SENSOR.cpp                          0x00000000   Number         0  line_sensor.o ABSOLUTE
    MOTOR.cpp                                0x00000000   Number         0  motor.o ABSOLUTE
    PWM.cpp                                  0x00000000   Number         0  pwm.o ABSOLUTE
    REFLECTANCE_SENSOR.cpp                   0x00000000   Number         0  reflectance_sensor.o ABSOLUTE
    Startup.s                                0x00000000   Number         0  startup.o ABSOLUTE
    SysClock.cpp                             0x00000000   Number         0  sysclock.o ABSOLUTE
    TIMER.cpp                                0x00000000   Number         0  timer.o ABSOLUTE
    USART.cpp                                0x00000000   Number         0  usart.o ABSOLUTE
    dc.s                                     0x00000000   Number         0  dc.o ABSOLUTE
    line_follower.cpp                        0x00000000   Number         0  line_follower.o ABSOLUTE
    main.cpp                                 0x00000000   Number         0  main.o ABSOLUTE
    RESET                                    0x08000000   Section      236  startup.o(RESET)
    !!!main                                  0x080000ec   Section        8  __main.o(!!!main)
    !!!scatter                               0x080000f4   Section       52  __scatter.o(!!!scatter)
    !!handler_copy                           0x08000128   Section       26  __scatter_copy.o(!!handler_copy)
    !!handler_zi                             0x08000144   Section       28  __scatter_zi.o(!!handler_zi)
    .ARM.Collect$$libinit$$00000000          0x08000160   Section        2  libinit.o(.ARM.Collect$$libinit$$00000000)
    .ARM.Collect$$libinit$$00000002          0x08000162   Section        0  libinit2.o(.ARM.Collect$$libinit$$00000002)
    .ARM.Collect$$libinit$$00000004          0x08000162   Section        0  libinit2.o(.ARM.Collect$$libinit$$00000004)
    .ARM.Collect$$libinit$$0000000A          0x08000162   Section        0  libinit2.o(.ARM.Collect$$libinit$$0000000A)
    .ARM.Collect$$libinit$$0000000C          0x08000162   Section        0  libinit2.o(.ARM.Collect$$libinit$$0000000C)
    .ARM.Collect$$libinit$$0000000E          0x08000162   Section        0  libinit2.o(.ARM.Collect$$libinit$$0000000E)
    .ARM.Collect$$libinit$$00000011          0x08000162   Section        0  libinit2.o(.ARM.Collect$$libinit$$00000011)
    .ARM.Collect$$libinit$$00000013          0x08000162   Section        0  libinit2.o(.ARM.Collect$$libinit$$00000013)
    .ARM.Collect$$libinit$$00000015          0x08000162   Section        0  libinit2.o(.ARM.Collect$$libinit$$00000015)
    .ARM.Collect$$libinit$$00000017          0x08000162   Section        0  libinit2.o(.ARM.Collect$$libinit$$00000017)
    .ARM.Collect$$libinit$$00000019          0x08000162   Section        0  libinit2.o(.ARM.Collect$$libinit$$00000019)
    .ARM.Collect$$libinit$$0000001B          0x08000162   Section        0  libinit2.o(.ARM.Collect$$libinit$$0000001B)
    .ARM.Collect$$libinit$$0000001D          0x08000162   Section        0  libinit2.o(.ARM.Collect$$libinit$$0000001D)
    .ARM.Collect$$libinit$$0000001F          0x08000162   Section        0  libinit2.o(.ARM.Collect$$libinit$$0000001F)
    .ARM.Collect$$libinit$$00000021          0x08000162   Section        0  libinit2.o(.ARM.Collect$$libinit$$00000021)
    .ARM.Collect$$libinit$$00000023          0x08000162   Section        0  libinit2.o(.ARM.Collect$$libinit$$00000023)
    .ARM.Collect$$libinit$$00000025          0x08000162   Section        0  libinit2.o(.ARM.Collect$$libinit$$00000025)
    .ARM.Collect$$libinit$$0000002C          0x08000162   Section        0  libinit2.o(.ARM.Collect$$libinit$$0000002C)
    .ARM.Collect$$libinit$$0000002E          0x08000162   Section        0  libinit2.o(.ARM.Collect$$libinit$$0000002E)
    .ARM.Collect$$libinit$$00000030          0x08000162   Section        0  libinit2.o(.ARM.Collect$$libinit$$00000030)
    .ARM.Collect$$libinit$$00000032          0x08000162   Section        0  libinit2.o(.ARM.Collect$$libinit$$00000032)
    .ARM.Collect$$libinit$$00000033          0x08000162   Section        2  libinit2.o(.ARM.Collect$$libinit$$00000033)
    .ARM.Collect$$libshutdown$$00000000      0x08000164   Section        2  libshutdown.o(.ARM.Collect$$libshutdown$$00000000)
    .ARM.Collect$$libshutdown$$00000002      0x08000166   Section        0  libshutdown2.o(.ARM.Collect$$libshutdown$$00000002)
    .ARM.Collect$$libshutdown$$00000004      0x08000166   Section        0  libshutdown2.o(.ARM.Collect$$libshutdown$$00000004)
    .ARM.Collect$$libshutdown$$00000007      0x08000166   Section        0  libshutdown2.o(.ARM.Collect$$libshutdown$$00000007)
    .ARM.Collect$$libshutdown$$0000000A      0x08000166   Section        0  libshutdown2.o(.ARM.Collect$$libshutdown$$0000000A)
    .ARM.Collect$$libshutdown$$0000000C      0x08000166   Section        0  libshutdown2.o(.ARM.Collect$$libshutdown$$0000000C)
    .ARM.Collect$$libshutdown$$0000000F      0x08000166   Section        0  libshutdown2.o(.ARM.Collect$$libshutdown$$0000000F)
    .ARM.Collect$$libshutdown$$00000010      0x08000166   Section        2  libshutdown2.o(.ARM.Collect$$libshutdown$$00000010)
    .ARM.Collect$$rtentry$$00000000          0x08000168   Section        0  __rtentry.o(.ARM.Collect$$rtentry$$00000000)
    .ARM.Collect$$rtentry$$00000002          0x08000168   Section        0  __rtentry2.o(.ARM.Collect$$rtentry$$00000002)
    .ARM.Collect$$rtentry$$00000004          0x08000168   Section        6  __rtentry4.o(.ARM.Collect$$rtentry$$00000004)
    .ARM.Collect$$rtentry$$00000009          0x0800016e   Section        0  __rtentry2.o(.ARM.Collect$$rtentry$$00000009)
    .ARM.Collect$$rtentry$$0000000A          0x0800016e   Section        4  __rtentry2.o(.ARM.Collect$$rtentry$$0000000A)
    .ARM.Collect$$rtentry$$0000000C          0x08000172   Section        0  __rtentry2.o(.ARM.Collect$$rtentry$$0000000C)
    .ARM.Collect$$rtentry$$0000000D          0x08000172   Section        8  __rtentry2.o(.ARM.Collect$$rtentry$$0000000D)
    .ARM.Collect$$rtexit$$00000000           0x0800017a   Section        2  rtexit.o(.ARM.Collect$$rtexit$$00000000)
    .ARM.Collect$$rtexit$$00000002           0x0800017c   Section        0  rtexit2.o(.ARM.Collect$$rtexit$$00000002)
    .ARM.Collect$$rtexit$$00000003           0x0800017c   Section        4  rtexit2.o(.ARM.Collect$$rtexit$$00000003)
    .ARM.Collect$$rtexit$$00000004           0x08000180   Section        6  rtexit2.o(.ARM.Collect$$rtexit$$00000004)
    .text                                    0x08000188   Section       28  startup.o(.text)
    .text                                    0x080001a4   Section       74  sys_stackheap_outer.o(.text)
    .text                                    0x080001ee   Section        0  exit.o(.text)
    .text                                    0x08000200   Section        8  libspace.o(.text)
    .text                                    0x08000208   Section       48  sys_stackheap.o(.text)
    .text                                    0x08000238   Section        0  sys_exit.o(.text)
    .text                                    0x08000244   Section        2  use_no_semi.o(.text)
    .text                                    0x08000246   Section        0  indicate_semi.o(.text)
    i.TIM1_UP_IRQHandler                     0x08000248   Section        0  encoder.o(i.TIM1_UP_IRQHandler)
    i.TIM2_IRQHandler                        0x08000264   Section        0  main.o(i.TIM2_IRQHandler)
    i.TIM3_IRQHandler                        0x080002c8   Section        0  encoder.o(i.TIM3_IRQHandler)
    i.TIM4_IRQHandler                        0x080002e4   Section        0  encoder.o(i.TIM4_IRQHandler)
    i._ZN11Line_SensorC1E12ADC_CHANNELSS0_S0_S0_S0_S0_S0_S0_ 0x08000300   Section        0  line_sensor.o(i._ZN11Line_SensorC1E12ADC_CHANNELSS0_S0_S0_S0_S0_S0_S0_)
    i._ZN18Reflectance_SensorC1Ev            0x08000394   Section        0  reflectance_sensor.o(i._ZN18Reflectance_SensorC1Ev)
    i._ZN3ADC12ADCCalibrateEv                0x080003ac   Section        0  adc.o(i._ZN3ADC12ADCCalibrateEv)
    i._ZN3ADC12ConfigADCPinEv                0x080003e8   Section        0  adc.o(i._ZN3ADC12ConfigADCPinEv)
    i._ZN3ADC13GetADCChannelEv               0x080004e8   Section        0  adc.o(i._ZN3ADC13GetADCChannelEv)
    i._ZN3ADC13SetADCChannelE12ADC_CHANNELS  0x080004ee   Section        0  adc.o(i._ZN3ADC13SetADCChannelE12ADC_CHANNELS)
    i._ZN3PWM12ConfigPWMPinEv                0x080004f4   Section        0  pwm.o(i._ZN3PWM12ConfigPWMPinEv)
    i._ZN3PWM7PWMInitEv                      0x080007d4   Section        0  pwm.o(i._ZN3PWM7PWMInitEv)
    i._ZN3PWM8PWMWriteEt                     0x080008e8   Section        0  pwm.o(i._ZN3PWM8PWMWriteEt)
    i._ZN3PWMC1EP11TIM_TypeDef12TIM_CHANNELS9TIM_REMAP 0x080008f4   Section        0  pwm.o(i._ZN3PWMC1EP11TIM_TypeDef12TIM_CHANNELS9TIM_REMAP)
    i._ZN4GPIO11GetGPIOModeEv                0x08000932   Section        0  gpio_1.o(i._ZN4GPIO11GetGPIOModeEv)
    i._ZN4GPIO11GetGPIOPortEv                0x08000938   Section        0  gpio_1.o(i._ZN4GPIO11GetGPIOPortEv)
    i._ZN4GPIO11SetGPIOModeE10GPIO_MODES     0x0800093e   Section        0  gpio_1.o(i._ZN4GPIO11SetGPIOModeE10GPIO_MODES)
    i._ZN4GPIO12Config_PU_PDE10PU_PD_ENUM    0x08000942   Section        0  gpio_1.o(i._ZN4GPIO12Config_PU_PDE10PU_PD_ENUM)
    i._ZN4GPIO12GetGPIOStateEv               0x0800098a   Section        0  gpio_1.o(i._ZN4GPIO12GetGPIOStateEv)
    i._ZN4GPIO12digitalWriteEb               0x08000990   Section        0  gpio_1.o(i._ZN4GPIO12digitalWriteEb)
    i._ZN4GPIO13ConfigGPIOPinEv              0x080009e0   Section        0  gpio_1.o(i._ZN4GPIO13ConfigGPIOPinEv)
    i._ZN4GPIO14SetGPIOPortPinE12GPIO_IO_ENUM 0x08000b84   Section        0  gpio_1.o(i._ZN4GPIO14SetGPIOPortPinE12GPIO_IO_ENUM)
    i._ZN4GPIO16GetGPIOPinNumberEv           0x08000b9c   Section        0  gpio_1.o(i._ZN4GPIO16GetGPIOPinNumberEv)
    i._ZN4GPIO8SetIOPinE12GPIO_IO_ENUM       0x08000ba2   Section        0  gpio_1.o(i._ZN4GPIO8SetIOPinE12GPIO_IO_ENUM)
    i._ZN4GPIO9tooglePinEv                   0x08000ba6   Section        0  gpio_1.o(i._ZN4GPIO9tooglePinEv)
    i._ZN4GPIOC1E12GPIO_IO_ENUM10GPIO_MODES  0x08000bc8   Section        0  gpio_1.o(i._ZN4GPIOC1E12GPIO_IO_ENUM10GPIO_MODES)
    i._ZN5Timer10GetTIMModeEv                0x08000bfa   Section        0  timer.o(i._ZN5Timer10GetTIMModeEv)
    i._ZN5Timer10SetTIMModeE8TIM_MODE        0x08000c00   Section        0  timer.o(i._ZN5Timer10SetTIMModeE8TIM_MODE)
    i._ZN5Timer11GetTIMRemapEv               0x08000c04   Section        0  timer.o(i._ZN5Timer11GetTIMRemapEv)
    i._ZN5Timer11SetTIMRemapE9TIM_REMAP      0x08000c70   Section        0  timer.o(i._ZN5Timer11SetTIMRemapE9TIM_REMAP)
    i._ZN5Timer12GetTime_usecEv              0x08000cdc   Section        0  timer.o(i._ZN5Timer12GetTime_usecEv)
    i._ZN5Timer13GetTIMChannelEv             0x08000cf4   Section        0  timer.o(i._ZN5Timer13GetTIMChannelEv)
    i._ZN5Timer13SetTIMChannelE12TIM_CHANNELS 0x08000cfa   Section        0  timer.o(i._ZN5Timer13SetTIMChannelE12TIM_CHANNELS)
    i._ZN5Timer13Timer_HandlerEv             0x08000d00   Section        0  timer.o(i._ZN5Timer13Timer_HandlerEv)
    i._ZN5Timer17Timer_InitiallizeEv         0x08000d14   Section        0  timer.o(i._ZN5Timer17Timer_InitiallizeEv)
    i._ZN5Timer6GetTimEv                     0x08000d40   Section        0  timer.o(i._ZN5Timer6GetTimEv)
    i._ZN5Timer6SetTimEP11TIM_TypeDef        0x08000d46   Section        0  timer.o(i._ZN5Timer6SetTimEP11TIM_TypeDef)
    i._ZN5Timer9TimerInitEv                  0x08000d4c   Section        0  timer.o(i._ZN5Timer9TimerInitEv)
    i._ZN5TimerC1EP11TIM_TypeDef12TIM_CHANNELS8TIM_MODE 0x08000ed0   Section        0  timer.o(i._ZN5TimerC1EP11TIM_TypeDef12TIM_CHANNELS8TIM_MODE)
    i._ZN5TimerC1EP11TIM_TypeDef8TIM_MODE    0x08000efc   Section        0  timer.o(i._ZN5TimerC1EP11TIM_TypeDef8TIM_MODE)
    i._ZN5USART11Send_Vec_16EPtt             0x08000f1e   Section        0  usart.o(i._ZN5USART11Send_Vec_16EPtt)
    i._ZN5USART4SendEh                       0x08000f48   Section        0  usart.o(i._ZN5USART4SendEh)
    i._ZN5USART4initE7BD_ENUM                0x08000f5c   Section        0  usart.o(i._ZN5USART4initE7BD_ENUM)
    i._ZN5USARTC1EP13USART_TypeDef7BD_ENUM   0x08001078   Section        0  usart.o(i._ZN5USARTC1EP13USART_TypeDef7BD_ENUM)
    i._ZN7Encoder13ConfigEncoderEv           0x080010a0   Section        0  encoder.o(i._ZN7Encoder13ConfigEncoderEv)
    i._ZN7Encoder15Encoder_HandlerEP11TIM_TypeDef 0x080012ec   Section        0  encoder.o(i._ZN7Encoder15Encoder_HandlerEP11TIM_TypeDef)
    i._ZN7Encoder19Encoder_InitiallizeEv     0x08001384   Section        0  encoder.o(i._ZN7Encoder19Encoder_InitiallizeEv)
    i._ZN7Encoder23Encoder_Handler_by_TimeEv 0x080013bc   Section        0  encoder.o(i._ZN7Encoder23Encoder_Handler_by_TimeEv)
    i._ZN7EncoderC1EP11TIM_TypeDef           0x080013f8   Section        0  encoder.o(i._ZN7EncoderC1EP11TIM_TypeDef)
    i._ZN8SysClock11SysTickInitE19SysTickBaseTimeEnum 0x0800142a   Section        0  sysclock.o(i._ZN8SysClock11SysTickInitE19SysTickBaseTimeEnum)
    i._ZN8SysClock12SysClockInitEv           0x0800143c   Section        0  sysclock.o(i._ZN8SysClock12SysClockInitEv)
    i._ZN8SysClock15SysTickGetEventEv        0x080014c8   Section        0  sysclock.o(i._ZN8SysClock15SysTickGetEventEv)
    i._ZN8SysClockC1Ev                       0x080014d8   Section        0  sysclock.o(i._ZN8SysClockC1Ev)
    i.__aeabi_vec_ctor_nocookie_nodtor       0x080014f4   Section        0  aeabi_vec_ctor_nocookie_nodtor.o(i.__aeabi_vec_ctor_nocookie_nodtor)
    i.main                                   0x08001518   Section        0  main.o(i.main)
    .constdata                               0x080016b4   Section      256  gpio_1.o(.constdata)
    .data                                    0x20000000   Section       12  timer.o(.data)
    .data                                    0x2000000c   Section       18  main.o(.data)
    .bss                                     0x20000020   Section       64  encoder.o(.bss)
    .bss                                     0x20000060   Section     2000  main.o(.bss)
    .bss                                     0x20000830   Section       96  libspace.o(.bss)

    Global Symbols

    Symbol Name                              Value     Ov Type        Size  Object(Section)

    BuildAttributes$$THM_ISAv4$P$D$K$B$S$PE$A:L22UL41UL21$X:L11$S22US41US21$IEEE1$IW$USESV6$~STKCKD$USESV7$~SHL$OTIME$ROPI$EBA8$UX$STANDARDLIB$REQ8$PRES8$EABIv2 0x00000000   Number         0  anon$$obj.o ABSOLUTE
    __ARM_use_no_argv                        0x00000000   Number         0  main.o ABSOLUTE
    SHT$$ARM_EXIDX$$Base                      - Undefined Reference
    SHT$$ARM_EXIDX$$Limit                     - Undefined Reference
    __ARM_exceptions_init                     - Undefined Weak Reference
    __aeabi_unwind_cpp_pr1                    - Undefined Weak Reference
    __aeabi_unwind_cpp_pr2                    - Undefined Weak Reference
    __alloca_initialize                       - Undefined Weak Reference
    __arm_preinit_                            - Undefined Weak Reference
    __cpp_initialize__aeabi_                  - Undefined Weak Reference
    __cxa_begin_cleanup                       - Undefined Weak Reference
    __cxa_call_unexpected                     - Undefined Weak Reference
    __cxa_finalize                            - Undefined Weak Reference
    __cxa_type_match                          - Undefined Weak Reference
    __rt_locale                               - Undefined Weak Reference
    __sigvec_lookup                           - Undefined Weak Reference
    __user_heap_extent                        - Undefined Weak Reference
    _atexit_init                              - Undefined Weak Reference
    _call_atexit_fns                          - Undefined Weak Reference
    _clock_init                               - Undefined Weak Reference
    _fp_trap_init                             - Undefined Weak Reference
    _fp_trap_shutdown                         - Undefined Weak Reference
    _get_lc_collate                           - Undefined Weak Reference
    _get_lc_ctype                             - Undefined Weak Reference
    _get_lc_monetary                          - Undefined Weak Reference
    _get_lc_numeric                           - Undefined Weak Reference
    _get_lc_time                              - Undefined Weak Reference
    _getenv_init                              - Undefined Weak Reference
    _handle_redirection                       - Undefined Weak Reference
    _initio                                   - Undefined Weak Reference
    _mutex_acquire                            - Undefined Weak Reference
    _mutex_free                               - Undefined Weak Reference
    _mutex_release                            - Undefined Weak Reference
    _rand_init                                - Undefined Weak Reference
    _signal_finish                            - Undefined Weak Reference
    _signal_init                              - Undefined Weak Reference
    _terminateio                              - Undefined Weak Reference
    __Vectors                                0x08000000   Data           4  startup.o(RESET)
    __main                                   0x080000ed   Thumb Code     8  __main.o(!!!main)
    __scatterload                            0x080000f5   Thumb Code     0  __scatter.o(!!!scatter)
    __scatterload_rt2                        0x080000f5   Thumb Code    44  __scatter.o(!!!scatter)
    __scatterload_rt2_thumb_only             0x080000f5   Thumb Code     0  __scatter.o(!!!scatter)
    __scatterload_null                       0x08000103   Thumb Code     0  __scatter.o(!!!scatter)
    __scatterload_copy                       0x08000129   Thumb Code    26  __scatter_copy.o(!!handler_copy)
    __scatterload_zeroinit                   0x08000145   Thumb Code    28  __scatter_zi.o(!!handler_zi)
    __rt_lib_init                            0x08000161   Thumb Code     0  libinit.o(.ARM.Collect$$libinit$$00000000)
    __rt_lib_init_alloca_1                   0x08000163   Thumb Code     0  libinit2.o(.ARM.Collect$$libinit$$0000002E)
    __rt_lib_init_argv_1                     0x08000163   Thumb Code     0  libinit2.o(.ARM.Collect$$libinit$$0000002C)
    __rt_lib_init_atexit_1                   0x08000163   Thumb Code     0  libinit2.o(.ARM.Collect$$libinit$$0000001B)
    __rt_lib_init_clock_1                    0x08000163   Thumb Code     0  libinit2.o(.ARM.Collect$$libinit$$00000021)
    __rt_lib_init_cpp_1                      0x08000163   Thumb Code     0  libinit2.o(.ARM.Collect$$libinit$$00000032)
    __rt_lib_init_exceptions_1               0x08000163   Thumb Code     0  libinit2.o(.ARM.Collect$$libinit$$00000030)
    __rt_lib_init_fp_1                       0x08000163   Thumb Code     0  libinit2.o(.ARM.Collect$$libinit$$00000002)
    __rt_lib_init_fp_trap_1                  0x08000163   Thumb Code     0  libinit2.o(.ARM.Collect$$libinit$$0000001F)
    __rt_lib_init_getenv_1                   0x08000163   Thumb Code     0  libinit2.o(.ARM.Collect$$libinit$$00000023)
    __rt_lib_init_heap_1                     0x08000163   Thumb Code     0  libinit2.o(.ARM.Collect$$libinit$$0000000A)
    __rt_lib_init_lc_collate_1               0x08000163   Thumb Code     0  libinit2.o(.ARM.Collect$$libinit$$00000011)
    __rt_lib_init_lc_ctype_1                 0x08000163   Thumb Code     0  libinit2.o(.ARM.Collect$$libinit$$00000013)
    __rt_lib_init_lc_monetary_1              0x08000163   Thumb Code     0  libinit2.o(.ARM.Collect$$libinit$$00000015)
    __rt_lib_init_lc_numeric_1               0x08000163   Thumb Code     0  libinit2.o(.ARM.Collect$$libinit$$00000017)
    __rt_lib_init_lc_time_1                  0x08000163   Thumb Code     0  libinit2.o(.ARM.Collect$$libinit$$00000019)
    __rt_lib_init_preinit_1                  0x08000163   Thumb Code     0  libinit2.o(.ARM.Collect$$libinit$$00000004)
    __rt_lib_init_rand_1                     0x08000163   Thumb Code     0  libinit2.o(.ARM.Collect$$libinit$$0000000E)
    __rt_lib_init_return                     0x08000163   Thumb Code     0  libinit2.o(.ARM.Collect$$libinit$$00000033)
    __rt_lib_init_signal_1                   0x08000163   Thumb Code     0  libinit2.o(.ARM.Collect$$libinit$$0000001D)
    __rt_lib_init_stdio_1                    0x08000163   Thumb Code     0  libinit2.o(.ARM.Collect$$libinit$$00000025)
    __rt_lib_init_user_alloc_1               0x08000163   Thumb Code     0  libinit2.o(.ARM.Collect$$libinit$$0000000C)
    __rt_lib_shutdown                        0x08000165   Thumb Code     0  libshutdown.o(.ARM.Collect$$libshutdown$$00000000)
    __rt_lib_shutdown_cpp_1                  0x08000167   Thumb Code     0  libshutdown2.o(.ARM.Collect$$libshutdown$$00000002)
    __rt_lib_shutdown_fp_trap_1              0x08000167   Thumb Code     0  libshutdown2.o(.ARM.Collect$$libshutdown$$00000007)
    __rt_lib_shutdown_heap_1                 0x08000167   Thumb Code     0  libshutdown2.o(.ARM.Collect$$libshutdown$$0000000F)
    __rt_lib_shutdown_return                 0x08000167   Thumb Code     0  libshutdown2.o(.ARM.Collect$$libshutdown$$00000010)
    __rt_lib_shutdown_signal_1               0x08000167   Thumb Code     0  libshutdown2.o(.ARM.Collect$$libshutdown$$0000000A)
    __rt_lib_shutdown_stdio_1                0x08000167   Thumb Code     0  libshutdown2.o(.ARM.Collect$$libshutdown$$00000004)
    __rt_lib_shutdown_user_alloc_1           0x08000167   Thumb Code     0  libshutdown2.o(.ARM.Collect$$libshutdown$$0000000C)
    __rt_entry                               0x08000169   Thumb Code     0  __rtentry.o(.ARM.Collect$$rtentry$$00000000)
    __rt_entry_presh_1                       0x08000169   Thumb Code     0  __rtentry2.o(.ARM.Collect$$rtentry$$00000002)
    __rt_entry_sh                            0x08000169   Thumb Code     0  __rtentry4.o(.ARM.Collect$$rtentry$$00000004)
    __rt_entry_li                            0x0800016f   Thumb Code     0  __rtentry2.o(.ARM.Collect$$rtentry$$0000000A)
    __rt_entry_postsh_1                      0x0800016f   Thumb Code     0  __rtentry2.o(.ARM.Collect$$rtentry$$00000009)
    __rt_entry_main                          0x08000173   Thumb Code     0  __rtentry2.o(.ARM.Collect$$rtentry$$0000000D)
    __rt_entry_postli_1                      0x08000173   Thumb Code     0  __rtentry2.o(.ARM.Collect$$rtentry$$0000000C)
    __rt_exit                                0x0800017b   Thumb Code     0  rtexit.o(.ARM.Collect$$rtexit$$00000000)
    __rt_exit_ls                             0x0800017d   Thumb Code     0  rtexit2.o(.ARM.Collect$$rtexit$$00000003)
    __rt_exit_prels_1                        0x0800017d   Thumb Code     0  rtexit2.o(.ARM.Collect$$rtexit$$00000002)
    __rt_exit_exit                           0x08000181   Thumb Code     0  rtexit2.o(.ARM.Collect$$rtexit$$00000004)
    Reset_Handler                            0x08000189   Thumb Code     0  startup.o(.text)
    NMI_Handler                              0x0800018d   Thumb Code     2  startup.o(.text)
    HardFault_Handler                        0x0800018f   Thumb Code     2  startup.o(.text)
    MemManage_Handler                        0x08000191   Thumb Code     2  startup.o(.text)
    BusFault_Handler                         0x08000193   Thumb Code     2  startup.o(.text)
    UsageFault_Handler                       0x08000195   Thumb Code     2  startup.o(.text)
    SVC_Handler                              0x08000197   Thumb Code     2  startup.o(.text)
    DebugMon_Handler                         0x08000199   Thumb Code     2  startup.o(.text)
    PendSV_Handler                           0x0800019b   Thumb Code     2  startup.o(.text)
    SysTick_Handler                          0x0800019d   Thumb Code     2  startup.o(.text)
    ADC1_2_IRQHandler                        0x0800019f   Thumb Code     0  startup.o(.text)
    CAN1_RX1_IRQHandler                      0x0800019f   Thumb Code     0  startup.o(.text)
    CAN1_SCE_IRQHandler                      0x0800019f   Thumb Code     0  startup.o(.text)
    DMA1_Channel1_IRQHandler                 0x0800019f   Thumb Code     0  startup.o(.text)
    DMA1_Channel2_IRQHandler                 0x0800019f   Thumb Code     0  startup.o(.text)
    DMA1_Channel3_IRQHandler                 0x0800019f   Thumb Code     0  startup.o(.text)
    DMA1_Channel4_IRQHandler                 0x0800019f   Thumb Code     0  startup.o(.text)
    DMA1_Channel5_IRQHandler                 0x0800019f   Thumb Code     0  startup.o(.text)
    DMA1_Channel6_IRQHandler                 0x0800019f   Thumb Code     0  startup.o(.text)
    DMA1_Channel7_IRQHandler                 0x0800019f   Thumb Code     0  startup.o(.text)
    EXTI0_IRQHandler                         0x0800019f   Thumb Code     0  startup.o(.text)
    EXTI15_10_IRQHandler                     0x0800019f   Thumb Code     0  startup.o(.text)
    EXTI1_IRQHandler                         0x0800019f   Thumb Code     0  startup.o(.text)
    EXTI2_IRQHandler                         0x0800019f   Thumb Code     0  startup.o(.text)
    EXTI3_IRQHandler                         0x0800019f   Thumb Code     0  startup.o(.text)
    EXTI4_IRQHandler                         0x0800019f   Thumb Code     0  startup.o(.text)
    EXTI9_5_IRQHandler                       0x0800019f   Thumb Code     0  startup.o(.text)
    FLASH_IRQHandler                         0x0800019f   Thumb Code     0  startup.o(.text)
    I2C1_ER_IRQHandler                       0x0800019f   Thumb Code     0  startup.o(.text)
    I2C1_EV_IRQHandler                       0x0800019f   Thumb Code     0  startup.o(.text)
    I2C2_ER_IRQHandler                       0x0800019f   Thumb Code     0  startup.o(.text)
    I2C2_EV_IRQHandler                       0x0800019f   Thumb Code     0  startup.o(.text)
    PVD_IRQHandler                           0x0800019f   Thumb Code     0  startup.o(.text)
    RCC_IRQHandler                           0x0800019f   Thumb Code     0  startup.o(.text)
    RTCAlarm_IRQHandler                      0x0800019f   Thumb Code     0  startup.o(.text)
    RTC_IRQHandler                           0x0800019f   Thumb Code     0  startup.o(.text)
    SPI1_IRQHandler                          0x0800019f   Thumb Code     0  startup.o(.text)
    SPI2_IRQHandler                          0x0800019f   Thumb Code     0  startup.o(.text)
    TAMPER_IRQHandler                        0x0800019f   Thumb Code     0  startup.o(.text)
    TIM1_BRK_IRQHandler                      0x0800019f   Thumb Code     0  startup.o(.text)
    TIM1_CC_IRQHandler                       0x0800019f   Thumb Code     0  startup.o(.text)
    TIM1_TRG_COM_IRQHandler                  0x0800019f   Thumb Code     0  startup.o(.text)
    USART1_IRQHandler                        0x0800019f   Thumb Code     0  startup.o(.text)
    USART2_IRQHandler                        0x0800019f   Thumb Code     0  startup.o(.text)
    USART3_IRQHandler                        0x0800019f   Thumb Code     0  startup.o(.text)
    USBWakeUp_IRQHandler                     0x0800019f   Thumb Code     0  startup.o(.text)
    USB_HP_CAN1_TX_IRQHandler                0x0800019f   Thumb Code     0  startup.o(.text)
    USB_LP_CAN1_RX0_IRQHandler               0x0800019f   Thumb Code     0  startup.o(.text)
    WWDG_IRQHandler                          0x0800019f   Thumb Code     0  startup.o(.text)
    __user_setup_stackheap                   0x080001a5   Thumb Code    74  sys_stackheap_outer.o(.text)
    exit                                     0x080001ef   Thumb Code    18  exit.o(.text)
    __user_libspace                          0x08000201   Thumb Code     8  libspace.o(.text)
    __user_perproc_libspace                  0x08000201   Thumb Code     0  libspace.o(.text)
    __user_perthread_libspace                0x08000201   Thumb Code     0  libspace.o(.text)
    __user_initial_stackheap                 0x08000209   Thumb Code    48  sys_stackheap.o(.text)
    _RW_Limit                                0x08000234   Data           0  sys_stackheap.o(.text)
    _sys_exit                                0x08000239   Thumb Code     8  sys_exit.o(.text)
    __I$use$semihosting                      0x08000245   Thumb Code     0  use_no_semi.o(.text)
    __use_no_semihosting_swi                 0x08000245   Thumb Code     2  use_no_semi.o(.text)
    __semihosting_library_function           0x08000247   Thumb Code     0  indicate_semi.o(.text)
    TIM1_UP_IRQHandler                       0x08000249   Thumb Code    24  encoder.o(i.TIM1_UP_IRQHandler)
    TIM2_IRQHandler                          0x08000265   Thumb Code    84  main.o(i.TIM2_IRQHandler)
    TIM3_IRQHandler                          0x080002c9   Thumb Code    24  encoder.o(i.TIM3_IRQHandler)
    TIM4_IRQHandler                          0x080002e5   Thumb Code    24  encoder.o(i.TIM4_IRQHandler)
    Line_Sensor::Line_Sensor(ADC_CHANNELS, ADC_CHANNELS, ADC_CHANNELS, ADC_CHANNELS, ADC_CHANNELS, ADC_CHANNELS, ADC_CHANNELS, ADC_CHANNELS) 0x08000301   Thumb Code   144  line_sensor.o(i._ZN11Line_SensorC1E12ADC_CHANNELSS0_S0_S0_S0_S0_S0_S0_)
    Line_Sensor::Line_Sensor__sub_object(ADC_CHANNELS, ADC_CHANNELS, ADC_CHANNELS, ADC_CHANNELS, ADC_CHANNELS, ADC_CHANNELS, ADC_CHANNELS, ADC_CHANNELS) 0x08000301   Thumb Code     0  line_sensor.o(i._ZN11Line_SensorC1E12ADC_CHANNELSS0_S0_S0_S0_S0_S0_S0_)
    Reflectance_Sensor::Reflectance_Sensor() 0x08000395   Thumb Code    22  reflectance_sensor.o(i._ZN18Reflectance_SensorC1Ev)
    Reflectance_Sensor::Reflectance_Sensor__sub_object() 0x08000395   Thumb Code     0  reflectance_sensor.o(i._ZN18Reflectance_SensorC1Ev)
    ADC::ADCCalibrate()                      0x080003ad   Thumb Code    54  adc.o(i._ZN3ADC12ADCCalibrateEv)
    ADC::ConfigADCPin()                      0x080003e9   Thumb Code   246  adc.o(i._ZN3ADC12ConfigADCPinEv)
    ADC::GetADCChannel()                     0x080004e9   Thumb Code     6  adc.o(i._ZN3ADC13GetADCChannelEv)
    ADC::SetADCChannel(ADC_CHANNELS)         0x080004ef   Thumb Code     4  adc.o(i._ZN3ADC13SetADCChannelE12ADC_CHANNELS)
    PWM::ConfigPWMPin()                      0x080004f5   Thumb Code   714  pwm.o(i._ZN3PWM12ConfigPWMPinEv)
    PWM::PWMInit()                           0x080007d5   Thumb Code   272  pwm.o(i._ZN3PWM7PWMInitEv)
    PWM::PWMWrite(unsigned short)            0x080008e9   Thumb Code    12  pwm.o(i._ZN3PWM8PWMWriteEt)
    PWM::PWM(TIM_TypeDef*, TIM_CHANNELS, TIM_REMAP) 0x080008f5   Thumb Code    62  pwm.o(i._ZN3PWMC1EP11TIM_TypeDef12TIM_CHANNELS9TIM_REMAP)
    PWM::PWM__sub_object(TIM_TypeDef*, TIM_CHANNELS, TIM_REMAP) 0x080008f5   Thumb Code     0  pwm.o(i._ZN3PWMC1EP11TIM_TypeDef12TIM_CHANNELS9TIM_REMAP)
    GPIO::GetGPIOMode()                      0x08000933   Thumb Code     6  gpio_1.o(i._ZN4GPIO11GetGPIOModeEv)
    GPIO::GetGPIOPort()                      0x08000939   Thumb Code     6  gpio_1.o(i._ZN4GPIO11GetGPIOPortEv)
    GPIO::SetGPIOMode(GPIO_MODES)            0x0800093f   Thumb Code     4  gpio_1.o(i._ZN4GPIO11SetGPIOModeE10GPIO_MODES)
    GPIO::Config_PU_PD(PU_PD_ENUM)           0x08000943   Thumb Code    72  gpio_1.o(i._ZN4GPIO12Config_PU_PDE10PU_PD_ENUM)
    GPIO::GetGPIOState()                     0x0800098b   Thumb Code     6  gpio_1.o(i._ZN4GPIO12GetGPIOStateEv)
    GPIO::digitalWrite(bool)                 0x08000991   Thumb Code    78  gpio_1.o(i._ZN4GPIO12digitalWriteEb)
    GPIO::ConfigGPIOPin()                    0x080009e1   Thumb Code   382  gpio_1.o(i._ZN4GPIO13ConfigGPIOPinEv)
    GPIO::SetGPIOPortPin(GPIO_IO_ENUM)       0x08000b85   Thumb Code    20  gpio_1.o(i._ZN4GPIO14SetGPIOPortPinE12GPIO_IO_ENUM)
    GPIO::GetGPIOPinNumber()                 0x08000b9d   Thumb Code     6  gpio_1.o(i._ZN4GPIO16GetGPIOPinNumberEv)
    GPIO::SetIOPin(GPIO_IO_ENUM)             0x08000ba3   Thumb Code     4  gpio_1.o(i._ZN4GPIO8SetIOPinE12GPIO_IO_ENUM)
    GPIO::tooglePin()                        0x08000ba7   Thumb Code    34  gpio_1.o(i._ZN4GPIO9tooglePinEv)
    GPIO::GPIO(GPIO_IO_ENUM, GPIO_MODES)     0x08000bc9   Thumb Code    50  gpio_1.o(i._ZN4GPIOC1E12GPIO_IO_ENUM10GPIO_MODES)
    GPIO::GPIO__sub_object(GPIO_IO_ENUM, GPIO_MODES) 0x08000bc9   Thumb Code     0  gpio_1.o(i._ZN4GPIOC1E12GPIO_IO_ENUM10GPIO_MODES)
    Timer::GetTIMMode()                      0x08000bfb   Thumb Code     6  timer.o(i._ZN5Timer10GetTIMModeEv)
    Timer::SetTIMMode(TIM_MODE)              0x08000c01   Thumb Code     4  timer.o(i._ZN5Timer10SetTIMModeE8TIM_MODE)
    Timer::GetTIMRemap()                     0x08000c05   Thumb Code    80  timer.o(i._ZN5Timer11GetTIMRemapEv)
    Timer::SetTIMRemap(TIM_REMAP)            0x08000c71   Thumb Code    78  timer.o(i._ZN5Timer11SetTIMRemapE9TIM_REMAP)
    Timer::GetTime_usec()                    0x08000cdd   Thumb Code    14  timer.o(i._ZN5Timer12GetTime_usecEv)
    Timer::GetTIMChannel()                   0x08000cf5   Thumb Code     6  timer.o(i._ZN5Timer13GetTIMChannelEv)
    Timer::SetTIMChannel(TIM_CHANNELS)       0x08000cfb   Thumb Code     4  timer.o(i._ZN5Timer13SetTIMChannelE12TIM_CHANNELS)
    Timer::Timer_Handler()                   0x08000d01   Thumb Code    14  timer.o(i._ZN5Timer13Timer_HandlerEv)
    Timer::Timer_Initiallize()               0x08000d15   Thumb Code    24  timer.o(i._ZN5Timer17Timer_InitiallizeEv)
    Timer::GetTim()                          0x08000d41   Thumb Code     6  timer.o(i._ZN5Timer6GetTimEv)
    Timer::SetTim(TIM_TypeDef*)              0x08000d47   Thumb Code     4  timer.o(i._ZN5Timer6SetTimEP11TIM_TypeDef)
    Timer::TimerInit()                       0x08000d4d   Thumb Code   364  timer.o(i._ZN5Timer9TimerInitEv)
    Timer::Timer(TIM_TypeDef*, TIM_CHANNELS, TIM_MODE) 0x08000ed1   Thumb Code    44  timer.o(i._ZN5TimerC1EP11TIM_TypeDef12TIM_CHANNELS8TIM_MODE)
    Timer::Timer__sub_object(TIM_TypeDef*, TIM_CHANNELS, TIM_MODE) 0x08000ed1   Thumb Code     0  timer.o(i._ZN5TimerC1EP11TIM_TypeDef12TIM_CHANNELS8TIM_MODE)
    Timer::Timer(TIM_TypeDef*, TIM_MODE)     0x08000efd   Thumb Code    34  timer.o(i._ZN5TimerC1EP11TIM_TypeDef8TIM_MODE)
    Timer::Timer__sub_object(TIM_TypeDef*, TIM_MODE) 0x08000efd   Thumb Code     0  timer.o(i._ZN5TimerC1EP11TIM_TypeDef8TIM_MODE)
    USART::Send_Vec_16(unsigned short*, unsigned short) 0x08000f1f   Thumb Code    42  usart.o(i._ZN5USART11Send_Vec_16EPtt)
    USART::Send(unsigned char)               0x08000f49   Thumb Code    20  usart.o(i._ZN5USART4SendEh)
    USART::init(BD_ENUM)                     0x08000f5d   Thumb Code   266  usart.o(i._ZN5USART4initE7BD_ENUM)
    USART::USART(USART_TypeDef*, BD_ENUM)    0x08001079   Thumb Code    38  usart.o(i._ZN5USARTC1EP13USART_TypeDef7BD_ENUM)
    USART::USART__sub_object(USART_TypeDef*, BD_ENUM) 0x08001079   Thumb Code     0  usart.o(i._ZN5USARTC1EP13USART_TypeDef7BD_ENUM)
    Encoder::ConfigEncoder()                 0x080010a1   Thumb Code   566  encoder.o(i._ZN7Encoder13ConfigEncoderEv)
    Encoder::Encoder_Handler(TIM_TypeDef*)   0x080012ed   Thumb Code   118  encoder.o(i._ZN7Encoder15Encoder_HandlerEP11TIM_TypeDef)
    Encoder::Encoder_Initiallize()           0x08001385   Thumb Code    40  encoder.o(i._ZN7Encoder19Encoder_InitiallizeEv)
    Encoder::Encoder_Handler_by_Time()       0x080013bd   Thumb Code    52  encoder.o(i._ZN7Encoder23Encoder_Handler_by_TimeEv)
    Encoder::Encoder(TIM_TypeDef*)           0x080013f9   Thumb Code    50  encoder.o(i._ZN7EncoderC1EP11TIM_TypeDef)
    Encoder::Encoder__sub_object(TIM_TypeDef*) 0x080013f9   Thumb Code     0  encoder.o(i._ZN7EncoderC1EP11TIM_TypeDef)
    SysClock::SysTickInit(SysTickBaseTimeEnum) 0x0800142b   Thumb Code    16  sysclock.o(i._ZN8SysClock11SysTickInitE19SysTickBaseTimeEnum)
    SysClock::SysClockInit()                 0x0800143d   Thumb Code   130  sysclock.o(i._ZN8SysClock12SysClockInitEv)
    SysClock::SysTickGetEvent()              0x080014c9   Thumb Code    14  sysclock.o(i._ZN8SysClock15SysTickGetEventEv)
    SysClock::SysClock()                     0x080014d9   Thumb Code    22  sysclock.o(i._ZN8SysClockC1Ev)
    SysClock::SysClock__sub_object()         0x080014d9   Thumb Code     0  sysclock.o(i._ZN8SysClockC1Ev)
    __aeabi_vec_ctor_nocookie_nodtor         0x080014f5   Thumb Code    36  aeabi_vec_ctor_nocookie_nodtor.o(i.__aeabi_vec_ctor_nocookie_nodtor)
    main                                     0x08001519   Thumb Code   374  main.o(i.main)
    GPIO::GPIO_PORTS_PINS                    0x080016b4   Data         256  gpio_1.o(.constdata)
    Region$$Table$$Base                      0x080017b4   Number         0  anon$$obj.o(Region$$Table)
    Region$$Table$$Limit                     0x080017d4   Number         0  anon$$obj.o(Region$$Table)
    Timer::TIM1Remap                         0x20000000   Data           1  timer.o(.data)
    Timer::TIM2Remap                         0x20000001   Data           1  timer.o(.data)
    Timer::TIM3Remap                         0x20000002   Data           1  timer.o(.data)
    Timer::TIM4Remap                         0x20000003   Data           1  timer.o(.data)
    Timer::time_in_usec                      0x20000004   Data           4  timer.o(.data)
    Timer::TIM_Timer_Counter                 0x20000008   Data           4  timer.o(.data)
    time                                     0x2000000c   Data           4  main.o(.data)
    final_time                               0x20000010   Data           4  main.o(.data)
    delta_time                               0x20000014   Data           4  main.o(.data)
    counter_points                           0x20000018   Data           4  main.o(.data)
    finished                                 0x2000001c   Data           2  main.o(.data)
    Encoder::Ticks                           0x20000020   Data          16  encoder.o(.bss)
    Encoder::Ticks_Time                      0x20000030   Data          16  encoder.o(.bss)
    Encoder::LastTicks_Time                  0x20000040   Data          16  encoder.o(.bss)
    Encoder::Speed                           0x20000050   Data          16  encoder.o(.bss)
    Speed_points                             0x20000060   Data        2000  main.o(.bss)
    __libspace_start                         0x20000830   Data          96  libspace.o(.bss)
    Image$$ZI$$Limit                         0x20000890   Number         0  anon$$obj.o ABSOLUTE
    __temporary_stack_top$libspace           0x20000890   Data           0  libspace.o(.bss)



==============================================================================

Memory Map of the image

  Image Entry point : 0x08000189

  Load Region LR_1 (Base: 0x08000000, Size: 0x000017f4, Max: 0xffffffff, ABSOLUTE)

    Execution Region ER_RO (Exec base: 0x08000000, Load base: 0x08000000, Size: 0x000017d4, Max: 0xffffffff, ABSOLUTE)

    Exec Addr    Load Addr    Size         Type   Attr      Idx    E Section Name        Object

    0x08000000   0x08000000   0x000000ec   Data   RO            1    RESET               startup.o
    0x080000ec   0x080000ec   0x00000008   Code   RO          710  * !!!main             c_w.l(__main.o)
    0x080000f4   0x080000f4   0x00000034   Code   RO         1038    !!!scatter          c_w.l(__scatter.o)
    0x08000128   0x08000128   0x0000001a   Code   RO         1040    !!handler_copy      c_w.l(__scatter_copy.o)
    0x08000142   0x08000142   0x00000002   PAD
    0x08000144   0x08000144   0x0000001c   Code   RO         1042    !!handler_zi        c_w.l(__scatter_zi.o)
    0x08000160   0x08000160   0x00000002   Code   RO          781    .ARM.Collect$$libinit$$00000000  c_w.l(libinit.o)
    0x08000162   0x08000162   0x00000000   Code   RO          865    .ARM.Collect$$libinit$$00000002  c_w.l(libinit2.o)
    0x08000162   0x08000162   0x00000000   Code   RO          867    .ARM.Collect$$libinit$$00000004  c_w.l(libinit2.o)
    0x08000162   0x08000162   0x00000000   Code   RO          870    .ARM.Collect$$libinit$$0000000A  c_w.l(libinit2.o)
    0x08000162   0x08000162   0x00000000   Code   RO          872    .ARM.Collect$$libinit$$0000000C  c_w.l(libinit2.o)
    0x08000162   0x08000162   0x00000000   Code   RO          874    .ARM.Collect$$libinit$$0000000E  c_w.l(libinit2.o)
    0x08000162   0x08000162   0x00000000   Code   RO          877    .ARM.Collect$$libinit$$00000011  c_w.l(libinit2.o)
    0x08000162   0x08000162   0x00000000   Code   RO          879    .ARM.Collect$$libinit$$00000013  c_w.l(libinit2.o)
    0x08000162   0x08000162   0x00000000   Code   RO          881    .ARM.Collect$$libinit$$00000015  c_w.l(libinit2.o)
    0x08000162   0x08000162   0x00000000   Code   RO          883    .ARM.Collect$$libinit$$00000017  c_w.l(libinit2.o)
    0x08000162   0x08000162   0x00000000   Code   RO          885    .ARM.Collect$$libinit$$00000019  c_w.l(libinit2.o)
    0x08000162   0x08000162   0x00000000   Code   RO          887    .ARM.Collect$$libinit$$0000001B  c_w.l(libinit2.o)
    0x08000162   0x08000162   0x00000000   Code   RO          889    .ARM.Collect$$libinit$$0000001D  c_w.l(libinit2.o)
    0x08000162   0x08000162   0x00000000   Code   RO          891    .ARM.Collect$$libinit$$0000001F  c_w.l(libinit2.o)
    0x08000162   0x08000162   0x00000000   Code   RO          893    .ARM.Collect$$libinit$$00000021  c_w.l(libinit2.o)
    0x08000162   0x08000162   0x00000000   Code   RO          895    .ARM.Collect$$libinit$$00000023  c_w.l(libinit2.o)
    0x08000162   0x08000162   0x00000000   Code   RO          897    .ARM.Collect$$libinit$$00000025  c_w.l(libinit2.o)
    0x08000162   0x08000162   0x00000000   Code   RO          901    .ARM.Collect$$libinit$$0000002C  c_w.l(libinit2.o)
    0x08000162   0x08000162   0x00000000   Code   RO          903    .ARM.Collect$$libinit$$0000002E  c_w.l(libinit2.o)
    0x08000162   0x08000162   0x00000000   Code   RO          905    .ARM.Collect$$libinit$$00000030  c_w.l(libinit2.o)
    0x08000162   0x08000162   0x00000000   Code   RO          907    .ARM.Collect$$libinit$$00000032  c_w.l(libinit2.o)
    0x08000162   0x08000162   0x00000002   Code   RO          908    .ARM.Collect$$libinit$$00000033  c_w.l(libinit2.o)
    0x08000164   0x08000164   0x00000002   Code   RO          989    .ARM.Collect$$libshutdown$$00000000  c_w.l(libshutdown.o)
    0x08000166   0x08000166   0x00000000   Code   RO          999    .ARM.Collect$$libshutdown$$00000002  c_w.l(libshutdown2.o)
    0x08000166   0x08000166   0x00000000   Code   RO         1001    .ARM.Collect$$libshutdown$$00000004  c_w.l(libshutdown2.o)
    0x08000166   0x08000166   0x00000000   Code   RO         1004    .ARM.Collect$$libshutdown$$00000007  c_w.l(libshutdown2.o)
    0x08000166   0x08000166   0x00000000   Code   RO         1007    .ARM.Collect$$libshutdown$$0000000A  c_w.l(libshutdown2.o)
    0x08000166   0x08000166   0x00000000   Code   RO         1009    .ARM.Collect$$libshutdown$$0000000C  c_w.l(libshutdown2.o)
    0x08000166   0x08000166   0x00000000   Code   RO         1012    .ARM.Collect$$libshutdown$$0000000F  c_w.l(libshutdown2.o)
    0x08000166   0x08000166   0x00000002   Code   RO         1013    .ARM.Collect$$libshutdown$$00000010  c_w.l(libshutdown2.o)
    0x08000168   0x08000168   0x00000000   Code   RO          741    .ARM.Collect$$rtentry$$00000000  c_w.l(__rtentry.o)
    0x08000168   0x08000168   0x00000000   Code   RO          755    .ARM.Collect$$rtentry$$00000002  c_w.l(__rtentry2.o)
    0x08000168   0x08000168   0x00000006   Code   RO          767    .ARM.Collect$$rtentry$$00000004  c_w.l(__rtentry4.o)
    0x0800016e   0x0800016e   0x00000000   Code   RO          757    .ARM.Collect$$rtentry$$00000009  c_w.l(__rtentry2.o)
    0x0800016e   0x0800016e   0x00000004   Code   RO          758    .ARM.Collect$$rtentry$$0000000A  c_w.l(__rtentry2.o)
    0x08000172   0x08000172   0x00000000   Code   RO          760    .ARM.Collect$$rtentry$$0000000C  c_w.l(__rtentry2.o)
    0x08000172   0x08000172   0x00000008   Code   RO          761    .ARM.Collect$$rtentry$$0000000D  c_w.l(__rtentry2.o)
    0x0800017a   0x0800017a   0x00000002   Code   RO          794    .ARM.Collect$$rtexit$$00000000  c_w.l(rtexit.o)
    0x0800017c   0x0800017c   0x00000000   Code   RO          917    .ARM.Collect$$rtexit$$00000002  c_w.l(rtexit2.o)
    0x0800017c   0x0800017c   0x00000004   Code   RO          918    .ARM.Collect$$rtexit$$00000003  c_w.l(rtexit2.o)
    0x08000180   0x08000180   0x00000006   Code   RO          919    .ARM.Collect$$rtexit$$00000004  c_w.l(rtexit2.o)
    0x08000186   0x08000186   0x00000002   PAD
    0x08000188   0x08000188   0x0000001c   Code   RO            2  * .text               startup.o
    0x080001a4   0x080001a4   0x0000004a   Code   RO          772    .text               c_w.l(sys_stackheap_outer.o)
    0x080001ee   0x080001ee   0x00000012   Code   RO          774    .text               c_w.l(exit.o)
    0x08000200   0x08000200   0x00000008   Code   RO          789    .text               c_w.l(libspace.o)
    0x08000208   0x08000208   0x00000030   Code   RO          792    .text               c_w.l(sys_stackheap.o)
    0x08000238   0x08000238   0x0000000c   Code   RO          909    .text               c_w.l(sys_exit.o)
    0x08000244   0x08000244   0x00000002   Code   RO          911    .text               c_w.l(use_no_semi.o)
    0x08000246   0x08000246   0x00000000   Code   RO          915    .text               c_w.l(indicate_semi.o)
    0x08000246   0x08000246   0x00000002   PAD
    0x08000248   0x08000248   0x0000001c   Code   RO          348    i.TIM1_UP_IRQHandler  encoder.o
    0x08000264   0x08000264   0x00000064   Code   RO          466    i.TIM2_IRQHandler   main.o
    0x080002c8   0x080002c8   0x0000001c   Code   RO          349    i.TIM3_IRQHandler   encoder.o
    0x080002e4   0x080002e4   0x0000001c   Code   RO          350    i.TIM4_IRQHandler   encoder.o
    0x08000300   0x08000300   0x00000094   Code   RO          621    i._ZN11Line_SensorC1E12ADC_CHANNELSS0_S0_S0_S0_S0_S0_S0_  line_sensor.o
    0x08000394   0x08000394   0x00000016   Code   RO          584    i._ZN18Reflectance_SensorC1Ev  reflectance_sensor.o
    0x080003aa   0x080003aa   0x00000002   PAD
    0x080003ac   0x080003ac   0x0000003c   Code   RO          302    i._ZN3ADC12ADCCalibrateEv  adc.o
    0x080003e8   0x080003e8   0x00000100   Code   RO          303    i._ZN3ADC12ConfigADCPinEv  adc.o
    0x080004e8   0x080004e8   0x00000006   Code   RO          304    i._ZN3ADC13GetADCChannelEv  adc.o
    0x080004ee   0x080004ee   0x00000004   Code   RO          305    i._ZN3ADC13SetADCChannelE12ADC_CHANNELS  adc.o
    0x080004f2   0x080004f2   0x00000002   PAD
    0x080004f4   0x080004f4   0x000002e0   Code   RO          263    i._ZN3PWM12ConfigPWMPinEv  pwm.o
    0x080007d4   0x080007d4   0x00000114   Code   RO          264    i._ZN3PWM7PWMInitEv  pwm.o
    0x080008e8   0x080008e8   0x0000000c   Code   RO          265    i._ZN3PWM8PWMWriteEt  pwm.o
    0x080008f4   0x080008f4   0x0000003e   Code   RO          266    i._ZN3PWMC1EP11TIM_TypeDef12TIM_CHANNELS9TIM_REMAP  pwm.o
    0x08000932   0x08000932   0x00000006   Code   RO            8    i._ZN4GPIO11GetGPIOModeEv  gpio_1.o
    0x08000938   0x08000938   0x00000006   Code   RO            9    i._ZN4GPIO11GetGPIOPortEv  gpio_1.o
    0x0800093e   0x0800093e   0x00000004   Code   RO           11    i._ZN4GPIO11SetGPIOModeE10GPIO_MODES  gpio_1.o
    0x08000942   0x08000942   0x00000048   Code   RO           13    i._ZN4GPIO12Config_PU_PDE10PU_PD_ENUM  gpio_1.o
    0x0800098a   0x0800098a   0x00000006   Code   RO           14    i._ZN4GPIO12GetGPIOStateEv  gpio_1.o
    0x08000990   0x08000990   0x0000004e   Code   RO           15    i._ZN4GPIO12digitalWriteEb  gpio_1.o
    0x080009de   0x080009de   0x00000002   PAD
    0x080009e0   0x080009e0   0x000001a4   Code   RO           16    i._ZN4GPIO13ConfigGPIOPinEv  gpio_1.o
    0x08000b84   0x08000b84   0x00000018   Code   RO           17    i._ZN4GPIO14SetGPIOPortPinE12GPIO_IO_ENUM  gpio_1.o
    0x08000b9c   0x08000b9c   0x00000006   Code   RO           18    i._ZN4GPIO16GetGPIOPinNumberEv  gpio_1.o
    0x08000ba2   0x08000ba2   0x00000004   Code   RO           20    i._ZN4GPIO8SetIOPinE12GPIO_IO_ENUM  gpio_1.o
    0x08000ba6   0x08000ba6   0x00000022   Code   RO           21    i._ZN4GPIO9tooglePinEv  gpio_1.o
    0x08000bc8   0x08000bc8   0x00000032   Code   RO           22    i._ZN4GPIOC1E12GPIO_IO_ENUM10GPIO_MODES  gpio_1.o
    0x08000bfa   0x08000bfa   0x00000006   Code   RO          156    i._ZN5Timer10GetTIMModeEv  timer.o
    0x08000c00   0x08000c00   0x00000004   Code   RO          157    i._ZN5Timer10SetTIMModeE8TIM_MODE  timer.o
    0x08000c04   0x08000c04   0x0000006c   Code   RO          158    i._ZN5Timer11GetTIMRemapEv  timer.o
    0x08000c70   0x08000c70   0x0000006c   Code   RO          159    i._ZN5Timer11SetTIMRemapE9TIM_REMAP  timer.o
    0x08000cdc   0x08000cdc   0x00000018   Code   RO          160    i._ZN5Timer12GetTime_usecEv  timer.o
    0x08000cf4   0x08000cf4   0x00000006   Code   RO          162    i._ZN5Timer13GetTIMChannelEv  timer.o
    0x08000cfa   0x08000cfa   0x00000004   Code   RO          163    i._ZN5Timer13SetTIMChannelE12TIM_CHANNELS  timer.o
    0x08000cfe   0x08000cfe   0x00000002   PAD
    0x08000d00   0x08000d00   0x00000014   Code   RO          164    i._ZN5Timer13Timer_HandlerEv  timer.o
    0x08000d14   0x08000d14   0x0000002c   Code   RO          165    i._ZN5Timer17Timer_InitiallizeEv  timer.o
    0x08000d40   0x08000d40   0x00000006   Code   RO          167    i._ZN5Timer6GetTimEv  timer.o
    0x08000d46   0x08000d46   0x00000004   Code   RO          168    i._ZN5Timer6SetTimEP11TIM_TypeDef  timer.o
    0x08000d4a   0x08000d4a   0x00000002   PAD
    0x08000d4c   0x08000d4c   0x00000184   Code   RO          169    i._ZN5Timer9TimerInitEv  timer.o
    0x08000ed0   0x08000ed0   0x0000002c   Code   RO          170    i._ZN5TimerC1EP11TIM_TypeDef12TIM_CHANNELS8TIM_MODE  timer.o
    0x08000efc   0x08000efc   0x00000022   Code   RO          171    i._ZN5TimerC1EP11TIM_TypeDef8TIM_MODE  timer.o
    0x08000f1e   0x08000f1e   0x0000002a   Code   RO          427    i._ZN5USART11Send_Vec_16EPtt  usart.o
    0x08000f48   0x08000f48   0x00000014   Code   RO          428    i._ZN5USART4SendEh  usart.o
    0x08000f5c   0x08000f5c   0x0000011c   Code   RO          429    i._ZN5USART4initE7BD_ENUM  usart.o
    0x08001078   0x08001078   0x00000026   Code   RO          431    i._ZN5USARTC1EP13USART_TypeDef7BD_ENUM  usart.o
    0x0800109e   0x0800109e   0x00000002   PAD
    0x080010a0   0x080010a0   0x0000024c   Code   RO          353    i._ZN7Encoder13ConfigEncoderEv  encoder.o
    0x080012ec   0x080012ec   0x00000098   Code   RO          354    i._ZN7Encoder15Encoder_HandlerEP11TIM_TypeDef  encoder.o
    0x08001384   0x08001384   0x00000038   Code   RO          355    i._ZN7Encoder19Encoder_InitiallizeEv  encoder.o
    0x080013bc   0x080013bc   0x0000003c   Code   RO          356    i._ZN7Encoder23Encoder_Handler_by_TimeEv  encoder.o
    0x080013f8   0x080013f8   0x00000032   Code   RO          357    i._ZN7EncoderC1EP11TIM_TypeDef  encoder.o
    0x0800142a   0x0800142a   0x00000010   Code   RO          117    i._ZN8SysClock11SysTickInitE19SysTickBaseTimeEnum  sysclock.o
    0x0800143a   0x0800143a   0x00000002   PAD
    0x0800143c   0x0800143c   0x0000008c   Code   RO          118    i._ZN8SysClock12SysClockInitEv  sysclock.o
    0x080014c8   0x080014c8   0x0000000e   Code   RO          119    i._ZN8SysClock15SysTickGetEventEv  sysclock.o
    0x080014d6   0x080014d6   0x00000002   PAD
    0x080014d8   0x080014d8   0x0000001c   Code   RO          121    i._ZN8SysClockC1Ev  sysclock.o
    0x080014f4   0x080014f4   0x00000024   Code   RO          712    i.__aeabi_vec_ctor_nocookie_nodtor  cpprt_w.l(aeabi_vec_ctor_nocookie_nodtor.o)
    0x08001518   0x08001518   0x0000019c   Code   RO          467    i.main              main.o
    0x080016b4   0x080016b4   0x00000100   Data   RO           39    .constdata          gpio_1.o
    0x080017b4   0x080017b4   0x00000020   Data   RO         1036    Region$$Table       anon$$obj.o


    Execution Region ER_RW (Exec base: 0x20000000, Load base: 0x080017d4, Size: 0x00000020, Max: 0xffffffff, ABSOLUTE)

    Exec Addr    Load Addr    Size         Type   Attr      Idx    E Section Name        Object

    0x20000000   0x080017d4   0x0000000c   Data   RW          188    .data               timer.o
    0x2000000c   0x080017e0   0x00000012   Data   RW          471    .data               main.o


    Execution Region ER_ZI (Exec base: 0x20000020, Load base: 0x080017f4, Size: 0x00000870, Max: 0xffffffff, ABSOLUTE)

    Exec Addr    Load Addr    Size         Type   Attr      Idx    E Section Name        Object

    0x20000020        -       0x00000040   Zero   RW          368    .bss                encoder.o
    0x20000060        -       0x000007d0   Zero   RW          470    .bss                main.o
    0x20000830        -       0x00000060   Zero   RW          790    .bss                c_w.l(libspace.o)


==============================================================================

Image component sizes


      Code (inc. data)   RO Data    RW Data    ZI Data      Debug   Object Name

       326         16          0          0          0       2664   adc.o
       990         92          0          0         64       6753   encoder.o
       710         42        256          0          0      18288   gpio_1.o
       148          4          0          0          0       2804   line_sensor.o
       512         54          0         18       2000      16927   main.o
      1086         26          0          0          0       5308   pwm.o
        22          0          0          0          0       1872   reflectance_sensor.o
        28          4        236          0          0        744   startup.o
       198         16          0          0          0       2396   sysclock.o
       800        118          0         12          0       8264   timer.o
       384         18          0          0          0       3132   usart.o

    ----------------------------------------------------------------------
      5220        390        524         32       2064      69152   Object Totals
         0          0         32          0          0          0   (incl. Generated)
        16          0          0          2          0          0   (incl. Padding)

    ----------------------------------------------------------------------

      Code (inc. data)   RO Data    RW Data    ZI Data      Debug   Library Member Name

         8          0          0          0          0         68   __main.o
         0          0          0          0          0          0   __rtentry.o
        12          0          0          0          0          0   __rtentry2.o
         6          0          0          0          0          0   __rtentry4.o
        52          8          0          0          0          0   __scatter.o
        26          0          0          0          0          0   __scatter_copy.o
        28          0          0          0          0          0   __scatter_zi.o
        18          0          0          0          0         80   exit.o
         0          0          0          0          0          0   indicate_semi.o
         2          0          0          0          0          0   libinit.o
         2          0          0          0          0          0   libinit2.o
         2          0          0          0          0          0   libshutdown.o
         2          0          0          0          0          0   libshutdown2.o
         8          4          0          0         96         68   libspace.o
         2          0          0          0          0          0   rtexit.o
        10          0          0          0          0          0   rtexit2.o
        12          4          0          0          0         68   sys_exit.o
        48          8          0          0          0         80   sys_stackheap.o
        74          0          0          0          0         80   sys_stackheap_outer.o
         2          0          0          0          0         68   use_no_semi.o
        36          0          0          0          0         84   aeabi_vec_ctor_nocookie_nodtor.o

    ----------------------------------------------------------------------
       356         24          0          0         96        596   Library Totals
         6          0          0          0          0          0   (incl. Padding)

    ----------------------------------------------------------------------

      Code (inc. data)   RO Data    RW Data    ZI Data      Debug   Library Name

       314         24          0          0         96        512   c_w.l
        36          0          0          0          0         84   cpprt_w.l

    ----------------------------------------------------------------------
       356         24          0          0         96        596   Library Totals

    ----------------------------------------------------------------------

==============================================================================


      Code (inc. data)   RO Data    RW Data    ZI Data      Debug   

      5576        414        524         32       2160      66884   Grand Totals
      5576        414        524         32       2160      66884   ELF Image Totals
      5576        414        524         32          0          0   ROM Totals

==============================================================================

    Total RO  Size (Code + RO Data)                 6100 (   5.96kB)
    Total RW  Size (RW Data + ZI Data)              2192 (   2.14kB)
    Total ROM Size (Code + RO Data + RW Data)       6132 (   5.99kB)

==============================================================================

