


ARM Macro Assembler    Page 1 


    1 00000000                 AREA             RESET, DATA, READONLY ;Define a
                                                             AREA called RESET 
                                                            of type DATA and RE
                                                            ADONLY
    2 00000000         
    3 00000000                 EXPORT           __Vectors   ;I'm still have to 
                                                            know why do I have 
                                                            to call it like tha
                                                            t
    4 00000000         
    5 00000000 20002000 
                       __Vectors
                               DCD              0x20002000  ;The first adress o
                                                            f the stack
    6 00000004 00000000        DCD              Reset_Handler ;The adress of Re
                                                            set_Handler
    7 00000008 00000000        DCD              NMI_Handler ; NMI Handler
    8 0000000C 00000000        DCD              HardFault_Handler ; Hard Fault 
                                                            Handler
    9 00000010 00000000        DCD              MemManage_Handler 
                                                            ; MPU Fault Handler
                                                            
   10 00000014 00000000        DCD              BusFault_Handler 
                                                            ; Bus Fault Handler
                                                            
   11 00000018 00000000        DCD              UsageFault_Handler ; Usage Faul
                                                            t Handler
   12 0000001C 00000000        DCD              0           ; Reserved
   13 00000020 00000000        DCD              0           ; Reserved
   14 00000024 00000000        DCD              0           ; Reserved
   15 00000028 00000000        DCD              0           ; Reserved
   16 0000002C 00000000        DCD              SVC_Handler ; SVCall Handler
   17 00000030 00000000        DCD              DebugMon_Handler ; Debug Monito
                                                            r Handler
   18 00000034 00000000        DCD              0           ; Reserved
   19 00000038 00000000        DCD              PendSV_Handler ; PendSV Handler
                                                            
   20 0000003C 00000000        DCD              SysTick_Handler 
                                                            ; SysTick Handler 
   21 00000040         
   22 00000040         ; External Interrupts
   23 00000040 00000000        DCD              WWDG_IRQHandler 
                                                            ; Window Watchdog
   24 00000044 00000000        DCD              PVD_IRQHandler ; PVD through EX
                                                            TI Line detect
   25 00000048 00000000        DCD              TAMPER_IRQHandler ; Tamper
   26 0000004C 00000000        DCD              RTC_IRQHandler ; RTC
   27 00000050 00000000        DCD              FLASH_IRQHandler ; Flash
   28 00000054 00000000        DCD              RCC_IRQHandler ; RCC
   29 00000058 00000000        DCD              EXTI0_IRQHandler ; EXTI Line 0
   30 0000005C 00000000        DCD              EXTI1_IRQHandler ; EXTI Line 1
   31 00000060 00000000        DCD              EXTI2_IRQHandler ; EXTI Line 2
   32 00000064 00000000        DCD              EXTI3_IRQHandler ; EXTI Line 3
   33 00000068 00000000        DCD              EXTI4_IRQHandler ; EXTI Line 4
   34 0000006C 00000000        DCD              DMA1_Channel1_IRQHandler 
                                                            ; DMA1 Channel 1
   35 00000070 00000000        DCD              DMA1_Channel2_IRQHandler 
                                                            ; DMA1 Channel 2
   36 00000074 00000000        DCD              DMA1_Channel3_IRQHandler 



ARM Macro Assembler    Page 2 


                                                            ; DMA1 Channel 3
   37 00000078 00000000        DCD              DMA1_Channel4_IRQHandler 
                                                            ; DMA1 Channel 4
   38 0000007C 00000000        DCD              DMA1_Channel5_IRQHandler 
                                                            ; DMA1 Channel 5
   39 00000080 00000000        DCD              DMA1_Channel6_IRQHandler 
                                                            ; DMA1 Channel 6
   40 00000084 00000000        DCD              DMA1_Channel7_IRQHandler 
                                                            ; DMA1 Channel 7
   41 00000088 00000000        DCD              ADC1_2_IRQHandler ; ADC1_2
   42 0000008C 00000000        DCD              USB_HP_CAN1_TX_IRQHandler ; USB
                                                             High Priority or C
                                                            AN1 TX
   43 00000090 00000000        DCD              USB_LP_CAN1_RX0_IRQHandler ; US
                                                            B Low  Priority or 
                                                            CAN1 RX0
   44 00000094 00000000        DCD              CAN1_RX1_IRQHandler ; CAN1 RX1
   45 00000098 00000000        DCD              CAN1_SCE_IRQHandler ; CAN1 SCE
   46 0000009C 00000000        DCD              EXTI9_5_IRQHandler 
                                                            ; EXTI Line 9..5
   47 000000A0 00000000        DCD              TIM1_BRK_IRQHandler 
                                                            ; TIM1 Break
   48 000000A4 00000000        DCD              TIM1_UP_IRQHandler 
                                                            ; TIM1 Update
   49 000000A8 00000000        DCD              TIM1_TRG_COM_IRQHandler ; TIM1 
                                                            Trigger and Commuta
                                                            tion
   50 000000AC 00000000        DCD              TIM1_CC_IRQHandler ; TIM1 Captu
                                                            re Compare
   51 000000B0 00000000        DCD              TIM2_IRQHandler ; TIM2
   52 000000B4 00000000        DCD              TIM3_IRQHandler ; TIM3
   53 000000B8 00000000        DCD              TIM4_IRQHandler ; TIM4
   54 000000BC 00000000        DCD              I2C1_EV_IRQHandler ; I2C1 Event
                                                            
   55 000000C0 00000000        DCD              I2C1_ER_IRQHandler ; I2C1 Error
                                                            
   56 000000C4 00000000        DCD              I2C2_EV_IRQHandler ; I2C2 Event
                                                            
   57 000000C8 00000000        DCD              I2C2_ER_IRQHandler ; I2C2 Error
                                                            
   58 000000CC 00000000        DCD              SPI1_IRQHandler ; SPI1
   59 000000D0 00000000        DCD              SPI2_IRQHandler ; SPI2
   60 000000D4 00000000        DCD              USART1_IRQHandler ; USART1
   61 000000D8 00000000        DCD              USART2_IRQHandler ; USART2
   62 000000DC 00000000        DCD              USART3_IRQHandler ; USART3
   63 000000E0 00000000        DCD              EXTI15_10_IRQHandler 
                                                            ; EXTI Line 15..10
   64 000000E4 00000000        DCD              RTCAlarm_IRQHandler ; RTC Alarm
                                                             through EXTI Line
   65 000000E8 00000000        DCD              USBWakeUp_IRQHandler ; USB Wake
                                                            up from suspend
   66 000000EC                 ALIGN
   67 000000EC         
   68 000000EC                 AREA             |.text|, CODE, READONLY, ALIGN=
2 
                                                            ;Define a AREA call
                                                            ed .text of tipe CO
                                                            DE and READONLY
   69 00000000                 THUMB                        ;Uses only thumb mo



ARM Macro Assembler    Page 3 


                                                            de (16 bits instruc
                                                            tions)
   70 00000000         
   71 00000000                 EXPORT           Reset_Handler ;Make the reset_h
                                                            andler callable by 
                                                            C functions
   72 00000000         
   73 00000000         Reset_Handler                        ;Reset_Handler labe
                                                            l
   74 00000000         
   75 00000000         ;---------------------branches to main in C file--------
                       -------------------      
   76 00000000                 IMPORT           main        ;Import the adress 
                                                            of function main in
                                                             the C file main
   77 00000000         
   78 00000000 4805            LDR              R0, =main   ;Put the adress of 
                                                            main into the R0
   79 00000002 4700            BX               R0          ;Branch to the adre
                                                            ss pointed by R0, w
                                                            hich is the adress 
                                                            of main()
   80 00000004         ;-------------------------------------------------------
                       ------------------
   81 00000004         NMI_Handler
                               PROC
   82 00000004                 EXPORT           NMI_Handler                [WEA
K]
   83 00000004 E7FE            B                .
   84 00000006                 ENDP
   86 00000006         HardFault_Handler
                               PROC
   87 00000006                 EXPORT           HardFault_Handler          [WEA
K]
   88 00000006 E7FE            B                .
   89 00000008                 ENDP
   91 00000008         MemManage_Handler
                               PROC
   92 00000008                 EXPORT           MemManage_Handler          [WEA
K]
   93 00000008 E7FE            B                .
   94 0000000A                 ENDP
   96 0000000A         BusFault_Handler
                               PROC
   97 0000000A                 EXPORT           BusFault_Handler           [WEA
K]
   98 0000000A E7FE            B                .
   99 0000000C                 ENDP
  101 0000000C         UsageFault_Handler
                               PROC
  102 0000000C                 EXPORT           UsageFault_Handler         [WEA
K]
  103 0000000C E7FE            B                .
  104 0000000E                 ENDP
  105 0000000E         SVC_Handler
                               PROC
  106 0000000E                 EXPORT           SVC_Handler                [WEA
K]
  107 0000000E E7FE            B                .



ARM Macro Assembler    Page 4 


  108 00000010                 ENDP
  110 00000010         DebugMon_Handler
                               PROC
  111 00000010                 EXPORT           DebugMon_Handler           [WEA
K]
  112 00000010 E7FE            B                .
  113 00000012                 ENDP
  114 00000012         PendSV_Handler
                               PROC
  115 00000012                 EXPORT           PendSV_Handler             [WEA
K]
  116 00000012 E7FE            B                .
  117 00000014                 ENDP
  118 00000014         SysTick_Handler
                               PROC
  119 00000014                 EXPORT           SysTick_Handler          [WEAK]
 
                                                            ;Make the SysTick_H
                                                            andler callable by 
                                                            the C function
  120 00000014 E7FE            B                .
  121 00000016                 ENDP
  122 00000016         
  123 00000016         
  124 00000016         Default_Handler
                               PROC
  125 00000016         
  126 00000016                 EXPORT           WWDG_IRQHandler            [WEA
K]
  127 00000016                 EXPORT           PVD_IRQHandler             [WEA
K]
  128 00000016                 EXPORT           TAMPER_IRQHandler          [WEA
K]
  129 00000016                 EXPORT           RTC_IRQHandler             [WEA
K]
  130 00000016                 EXPORT           FLASH_IRQHandler           [WEA
K]
  131 00000016                 EXPORT           RCC_IRQHandler             [WEA
K]
  132 00000016                 EXPORT           EXTI0_IRQHandler           [WEA
K]
  133 00000016                 EXPORT           EXTI1_IRQHandler           [WEA
K]
  134 00000016                 EXPORT           EXTI2_IRQHandler           [WEA
K]
  135 00000016                 EXPORT           EXTI3_IRQHandler           [WEA
K]
  136 00000016                 EXPORT           EXTI4_IRQHandler           [WEA
K]
  137 00000016                 EXPORT           DMA1_Channel1_IRQHandler   [WEA
K]
  138 00000016                 EXPORT           DMA1_Channel2_IRQHandler   [WEA
K]
  139 00000016                 EXPORT           DMA1_Channel3_IRQHandler   [WEA
K]
  140 00000016                 EXPORT           DMA1_Channel4_IRQHandler   [WEA
K]
  141 00000016                 EXPORT           DMA1_Channel5_IRQHandler   [WEA
K]



ARM Macro Assembler    Page 5 


  142 00000016                 EXPORT           DMA1_Channel6_IRQHandler   [WEA
K]
  143 00000016                 EXPORT           DMA1_Channel7_IRQHandler   [WEA
K]
  144 00000016                 EXPORT           ADC1_2_IRQHandler          [WEA
K]
  145 00000016                 EXPORT           USB_HP_CAN1_TX_IRQHandler  [WEA
K]
  146 00000016                 EXPORT           USB_LP_CAN1_RX0_IRQHandler [WEA
K]
  147 00000016                 EXPORT           CAN1_RX1_IRQHandler        [WEA
K]
  148 00000016                 EXPORT           CAN1_SCE_IRQHandler        [WEA
K]
  149 00000016                 EXPORT           EXTI9_5_IRQHandler         [WEA
K]
  150 00000016                 EXPORT           TIM1_BRK_IRQHandler        [WEA
K]
  151 00000016                 EXPORT           TIM1_UP_IRQHandler         [WEA
K]
  152 00000016                 EXPORT           TIM1_TRG_COM_IRQHandler    [WEA
K]
  153 00000016                 EXPORT           TIM1_CC_IRQHandler         [WEA
K]
  154 00000016                 EXPORT           TIM2_IRQHandler            [WEA
K]
  155 00000016                 EXPORT           TIM3_IRQHandler            [WEA
K]
  156 00000016                 EXPORT           TIM4_IRQHandler            [WEA
K]
  157 00000016                 EXPORT           I2C1_EV_IRQHandler         [WEA
K]
  158 00000016                 EXPORT           I2C1_ER_IRQHandler         [WEA
K]
  159 00000016                 EXPORT           I2C2_EV_IRQHandler         [WEA
K]
  160 00000016                 EXPORT           I2C2_ER_IRQHandler         [WEA
K]
  161 00000016                 EXPORT           SPI1_IRQHandler            [WEA
K]
  162 00000016                 EXPORT           SPI2_IRQHandler            [WEA
K]
  163 00000016                 EXPORT           USART1_IRQHandler          [WEA
K]
  164 00000016                 EXPORT           USART2_IRQHandler          [WEA
K]
  165 00000016                 EXPORT           USART3_IRQHandler          [WEA
K]
  166 00000016                 EXPORT           EXTI15_10_IRQHandler       [WEA
K]
  167 00000016                 EXPORT           RTCAlarm_IRQHandler        [WEA
K]
  168 00000016                 EXPORT           USBWakeUp_IRQHandler       [WEA
K]
  169 00000016         
  170 00000016         WWDG_IRQHandler
  171 00000016         PVD_IRQHandler
  172 00000016         TAMPER_IRQHandler
  173 00000016         RTC_IRQHandler



ARM Macro Assembler    Page 6 


  174 00000016         FLASH_IRQHandler
  175 00000016         RCC_IRQHandler
  176 00000016         EXTI0_IRQHandler
  177 00000016         EXTI1_IRQHandler
  178 00000016         EXTI2_IRQHandler
  179 00000016         EXTI3_IRQHandler
  180 00000016         EXTI4_IRQHandler
  181 00000016         DMA1_Channel1_IRQHandler
  182 00000016         DMA1_Channel2_IRQHandler
  183 00000016         DMA1_Channel3_IRQHandler
  184 00000016         DMA1_Channel4_IRQHandler
  185 00000016         DMA1_Channel5_IRQHandler
  186 00000016         DMA1_Channel6_IRQHandler
  187 00000016         DMA1_Channel7_IRQHandler
  188 00000016         ADC1_2_IRQHandler
  189 00000016         USB_HP_CAN1_TX_IRQHandler
  190 00000016         USB_LP_CAN1_RX0_IRQHandler
  191 00000016         CAN1_RX1_IRQHandler
  192 00000016         CAN1_SCE_IRQHandler
  193 00000016         EXTI9_5_IRQHandler
  194 00000016         TIM1_BRK_IRQHandler
  195 00000016         TIM1_UP_IRQHandler
  196 00000016         TIM1_TRG_COM_IRQHandler
  197 00000016         TIM1_CC_IRQHandler
  198 00000016         TIM2_IRQHandler
  199 00000016         TIM3_IRQHandler
  200 00000016         TIM4_IRQHandler
  201 00000016         I2C1_EV_IRQHandler
  202 00000016         I2C1_ER_IRQHandler
  203 00000016         I2C2_EV_IRQHandler
  204 00000016         I2C2_ER_IRQHandler
  205 00000016         SPI1_IRQHandler
  206 00000016         SPI2_IRQHandler
  207 00000016         USART1_IRQHandler
  208 00000016         USART2_IRQHandler
  209 00000016         USART3_IRQHandler
  210 00000016         EXTI15_10_IRQHandler
  211 00000016         RTCAlarm_IRQHandler
  212 00000016         USBWakeUp_IRQHandler
  213 00000016         
  214 00000016 E7FE            B                .
  215 00000018         
  216 00000018                 ENDP
  217 00000018         
  218 00000018         ;-------------------------------------------------------
                       ------------------
  219 00000018                 ALIGN
  220 00000018                 END                          ;It is needed by co
                                                            mpiler
              00000000 
Command Line: --debug --xref --diag_suppress=9931 --cpu=Cortex-M3 --apcs=interw
ork --depend=.\objects\startup.d -o.\objects\startup.o -I.\RTE\_Target_1 -IC:\K
eil_v5\ARM\PACK\Keil\STM32F1xx_DFP\2.3.0\Device\Include -IC:\Keil_v5\ARM\CMSIS\
Include --predefine="__EVAL SETA 1" --predefine="__UVISION_VERSION SETA 525" --
predefine="STM32F10X_MD SETA 1" --list=.\listings\startup.lst Startup.s



ARM Macro Assembler    Page 1 Alphabetic symbol ordering
Relocatable symbols

RESET 00000000

Symbol: RESET
   Definitions
      At line 1 in file Startup.s
   Uses
      None
Comment: RESET unused
__Vectors 00000000

Symbol: __Vectors
   Definitions
      At line 5 in file Startup.s
   Uses
      At line 3 in file Startup.s
Comment: __Vectors used once
2 symbols



ARM Macro Assembler    Page 1 Alphabetic symbol ordering
Relocatable symbols

.text 00000000

Symbol: .text
   Definitions
      At line 68 in file Startup.s
   Uses
      None
Comment: .text unused
ADC1_2_IRQHandler 00000016

Symbol: ADC1_2_IRQHandler
   Definitions
      At line 188 in file Startup.s
   Uses
      At line 41 in file Startup.s
      At line 144 in file Startup.s

BusFault_Handler 0000000A

Symbol: BusFault_Handler
   Definitions
      At line 96 in file Startup.s
   Uses
      At line 10 in file Startup.s
      At line 97 in file Startup.s

CAN1_RX1_IRQHandler 00000016

Symbol: CAN1_RX1_IRQHandler
   Definitions
      At line 191 in file Startup.s
   Uses
      At line 44 in file Startup.s
      At line 147 in file Startup.s

CAN1_SCE_IRQHandler 00000016

Symbol: CAN1_SCE_IRQHandler
   Definitions
      At line 192 in file Startup.s
   Uses
      At line 45 in file Startup.s
      At line 148 in file Startup.s

DMA1_Channel1_IRQHandler 00000016

Symbol: DMA1_Channel1_IRQHandler
   Definitions
      At line 181 in file Startup.s
   Uses
      At line 34 in file Startup.s
      At line 137 in file Startup.s

DMA1_Channel2_IRQHandler 00000016

Symbol: DMA1_Channel2_IRQHandler
   Definitions
      At line 182 in file Startup.s
   Uses



ARM Macro Assembler    Page 2 Alphabetic symbol ordering
Relocatable symbols

      At line 35 in file Startup.s
      At line 138 in file Startup.s

DMA1_Channel3_IRQHandler 00000016

Symbol: DMA1_Channel3_IRQHandler
   Definitions
      At line 183 in file Startup.s
   Uses
      At line 36 in file Startup.s
      At line 139 in file Startup.s

DMA1_Channel4_IRQHandler 00000016

Symbol: DMA1_Channel4_IRQHandler
   Definitions
      At line 184 in file Startup.s
   Uses
      At line 37 in file Startup.s
      At line 140 in file Startup.s

DMA1_Channel5_IRQHandler 00000016

Symbol: DMA1_Channel5_IRQHandler
   Definitions
      At line 185 in file Startup.s
   Uses
      At line 38 in file Startup.s
      At line 141 in file Startup.s

DMA1_Channel6_IRQHandler 00000016

Symbol: DMA1_Channel6_IRQHandler
   Definitions
      At line 186 in file Startup.s
   Uses
      At line 39 in file Startup.s
      At line 142 in file Startup.s

DMA1_Channel7_IRQHandler 00000016

Symbol: DMA1_Channel7_IRQHandler
   Definitions
      At line 187 in file Startup.s
   Uses
      At line 40 in file Startup.s
      At line 143 in file Startup.s

DebugMon_Handler 00000010

Symbol: DebugMon_Handler
   Definitions
      At line 110 in file Startup.s
   Uses
      At line 17 in file Startup.s
      At line 111 in file Startup.s

Default_Handler 00000016




ARM Macro Assembler    Page 3 Alphabetic symbol ordering
Relocatable symbols

Symbol: Default_Handler
   Definitions
      At line 124 in file Startup.s
   Uses
      None
Comment: Default_Handler unused
EXTI0_IRQHandler 00000016

Symbol: EXTI0_IRQHandler
   Definitions
      At line 176 in file Startup.s
   Uses
      At line 29 in file Startup.s
      At line 132 in file Startup.s

EXTI15_10_IRQHandler 00000016

Symbol: EXTI15_10_IRQHandler
   Definitions
      At line 210 in file Startup.s
   Uses
      At line 63 in file Startup.s
      At line 166 in file Startup.s

EXTI1_IRQHandler 00000016

Symbol: EXTI1_IRQHandler
   Definitions
      At line 177 in file Startup.s
   Uses
      At line 30 in file Startup.s
      At line 133 in file Startup.s

EXTI2_IRQHandler 00000016

Symbol: EXTI2_IRQHandler
   Definitions
      At line 178 in file Startup.s
   Uses
      At line 31 in file Startup.s
      At line 134 in file Startup.s

EXTI3_IRQHandler 00000016

Symbol: EXTI3_IRQHandler
   Definitions
      At line 179 in file Startup.s
   Uses
      At line 32 in file Startup.s
      At line 135 in file Startup.s

EXTI4_IRQHandler 00000016

Symbol: EXTI4_IRQHandler
   Definitions
      At line 180 in file Startup.s
   Uses
      At line 33 in file Startup.s
      At line 136 in file Startup.s



ARM Macro Assembler    Page 4 Alphabetic symbol ordering
Relocatable symbols


EXTI9_5_IRQHandler 00000016

Symbol: EXTI9_5_IRQHandler
   Definitions
      At line 193 in file Startup.s
   Uses
      At line 46 in file Startup.s
      At line 149 in file Startup.s

FLASH_IRQHandler 00000016

Symbol: FLASH_IRQHandler
   Definitions
      At line 174 in file Startup.s
   Uses
      At line 27 in file Startup.s
      At line 130 in file Startup.s

HardFault_Handler 00000006

Symbol: HardFault_Handler
   Definitions
      At line 86 in file Startup.s
   Uses
      At line 8 in file Startup.s
      At line 87 in file Startup.s

I2C1_ER_IRQHandler 00000016

Symbol: I2C1_ER_IRQHandler
   Definitions
      At line 202 in file Startup.s
   Uses
      At line 55 in file Startup.s
      At line 158 in file Startup.s

I2C1_EV_IRQHandler 00000016

Symbol: I2C1_EV_IRQHandler
   Definitions
      At line 201 in file Startup.s
   Uses
      At line 54 in file Startup.s
      At line 157 in file Startup.s

I2C2_ER_IRQHandler 00000016

Symbol: I2C2_ER_IRQHandler
   Definitions
      At line 204 in file Startup.s
   Uses
      At line 57 in file Startup.s
      At line 160 in file Startup.s

I2C2_EV_IRQHandler 00000016

Symbol: I2C2_EV_IRQHandler
   Definitions



ARM Macro Assembler    Page 5 Alphabetic symbol ordering
Relocatable symbols

      At line 203 in file Startup.s
   Uses
      At line 56 in file Startup.s
      At line 159 in file Startup.s

MemManage_Handler 00000008

Symbol: MemManage_Handler
   Definitions
      At line 91 in file Startup.s
   Uses
      At line 9 in file Startup.s
      At line 92 in file Startup.s

NMI_Handler 00000004

Symbol: NMI_Handler
   Definitions
      At line 81 in file Startup.s
   Uses
      At line 7 in file Startup.s
      At line 82 in file Startup.s

PVD_IRQHandler 00000016

Symbol: PVD_IRQHandler
   Definitions
      At line 171 in file Startup.s
   Uses
      At line 24 in file Startup.s
      At line 127 in file Startup.s

PendSV_Handler 00000012

Symbol: PendSV_Handler
   Definitions
      At line 114 in file Startup.s
   Uses
      At line 19 in file Startup.s
      At line 115 in file Startup.s

RCC_IRQHandler 00000016

Symbol: RCC_IRQHandler
   Definitions
      At line 175 in file Startup.s
   Uses
      At line 28 in file Startup.s
      At line 131 in file Startup.s

RTCAlarm_IRQHandler 00000016

Symbol: RTCAlarm_IRQHandler
   Definitions
      At line 211 in file Startup.s
   Uses
      At line 64 in file Startup.s
      At line 167 in file Startup.s




ARM Macro Assembler    Page 6 Alphabetic symbol ordering
Relocatable symbols

RTC_IRQHandler 00000016

Symbol: RTC_IRQHandler
   Definitions
      At line 173 in file Startup.s
   Uses
      At line 26 in file Startup.s
      At line 129 in file Startup.s

Reset_Handler 00000000

Symbol: Reset_Handler
   Definitions
      At line 73 in file Startup.s
   Uses
      At line 6 in file Startup.s
      At line 71 in file Startup.s

SPI1_IRQHandler 00000016

Symbol: SPI1_IRQHandler
   Definitions
      At line 205 in file Startup.s
   Uses
      At line 58 in file Startup.s
      At line 161 in file Startup.s

SPI2_IRQHandler 00000016

Symbol: SPI2_IRQHandler
   Definitions
      At line 206 in file Startup.s
   Uses
      At line 59 in file Startup.s
      At line 162 in file Startup.s

SVC_Handler 0000000E

Symbol: SVC_Handler
   Definitions
      At line 105 in file Startup.s
   Uses
      At line 16 in file Startup.s
      At line 106 in file Startup.s

SysTick_Handler 00000014

Symbol: SysTick_Handler
   Definitions
      At line 118 in file Startup.s
   Uses
      At line 20 in file Startup.s
      At line 119 in file Startup.s

TAMPER_IRQHandler 00000016

Symbol: TAMPER_IRQHandler
   Definitions
      At line 172 in file Startup.s



ARM Macro Assembler    Page 7 Alphabetic symbol ordering
Relocatable symbols

   Uses
      At line 25 in file Startup.s
      At line 128 in file Startup.s

TIM1_BRK_IRQHandler 00000016

Symbol: TIM1_BRK_IRQHandler
   Definitions
      At line 194 in file Startup.s
   Uses
      At line 47 in file Startup.s
      At line 150 in file Startup.s

TIM1_CC_IRQHandler 00000016

Symbol: TIM1_CC_IRQHandler
   Definitions
      At line 197 in file Startup.s
   Uses
      At line 50 in file Startup.s
      At line 153 in file Startup.s

TIM1_TRG_COM_IRQHandler 00000016

Symbol: TIM1_TRG_COM_IRQHandler
   Definitions
      At line 196 in file Startup.s
   Uses
      At line 49 in file Startup.s
      At line 152 in file Startup.s

TIM1_UP_IRQHandler 00000016

Symbol: TIM1_UP_IRQHandler
   Definitions
      At line 195 in file Startup.s
   Uses
      At line 48 in file Startup.s
      At line 151 in file Startup.s

TIM2_IRQHandler 00000016

Symbol: TIM2_IRQHandler
   Definitions
      At line 198 in file Startup.s
   Uses
      At line 51 in file Startup.s
      At line 154 in file Startup.s

TIM3_IRQHandler 00000016

Symbol: TIM3_IRQHandler
   Definitions
      At line 199 in file Startup.s
   Uses
      At line 52 in file Startup.s
      At line 155 in file Startup.s

TIM4_IRQHandler 00000016



ARM Macro Assembler    Page 8 Alphabetic symbol ordering
Relocatable symbols


Symbol: TIM4_IRQHandler
   Definitions
      At line 200 in file Startup.s
   Uses
      At line 53 in file Startup.s
      At line 156 in file Startup.s

USART1_IRQHandler 00000016

Symbol: USART1_IRQHandler
   Definitions
      At line 207 in file Startup.s
   Uses
      At line 60 in file Startup.s
      At line 163 in file Startup.s

USART2_IRQHandler 00000016

Symbol: USART2_IRQHandler
   Definitions
      At line 208 in file Startup.s
   Uses
      At line 61 in file Startup.s
      At line 164 in file Startup.s

USART3_IRQHandler 00000016

Symbol: USART3_IRQHandler
   Definitions
      At line 209 in file Startup.s
   Uses
      At line 62 in file Startup.s
      At line 165 in file Startup.s

USBWakeUp_IRQHandler 00000016

Symbol: USBWakeUp_IRQHandler
   Definitions
      At line 212 in file Startup.s
   Uses
      At line 65 in file Startup.s
      At line 168 in file Startup.s

USB_HP_CAN1_TX_IRQHandler 00000016

Symbol: USB_HP_CAN1_TX_IRQHandler
   Definitions
      At line 189 in file Startup.s
   Uses
      At line 42 in file Startup.s
      At line 145 in file Startup.s

USB_LP_CAN1_RX0_IRQHandler 00000016

Symbol: USB_LP_CAN1_RX0_IRQHandler
   Definitions
      At line 190 in file Startup.s
   Uses



ARM Macro Assembler    Page 9 Alphabetic symbol ordering
Relocatable symbols

      At line 43 in file Startup.s
      At line 146 in file Startup.s

UsageFault_Handler 0000000C

Symbol: UsageFault_Handler
   Definitions
      At line 101 in file Startup.s
   Uses
      At line 11 in file Startup.s
      At line 102 in file Startup.s

WWDG_IRQHandler 00000016

Symbol: WWDG_IRQHandler
   Definitions
      At line 170 in file Startup.s
   Uses
      At line 23 in file Startup.s
      At line 126 in file Startup.s

55 symbols



ARM Macro Assembler    Page 1 Alphabetic symbol ordering
External symbols

main 00000000

Symbol: main
   Definitions
      At line 76 in file Startup.s
   Uses
      At line 78 in file Startup.s
Comment: main used once
1 symbol
393 symbols in table
